----------------------------------------
Exception occurred during processing of request from ('127.0.0.1', 57204)
Traceback (most recent call last):
  File "C:\Python313\Lib\socketserver.py", line 692, in process_request_thread
    self.finish_request(request, client_address)
    ~~~~~~~~~~~~~~~~~~~^^^^^^^^^^^^^^^^^^^^^^^^^
  File "C:\Python313\Lib\socketserver.py", line 362, in finish_request
    self.RequestHandlerClass(request, client_address, self)
    ~~~~~~~~~~~~~~~~~~~~~~~~^^^^^^^^^^^^^^^^^^^^^^^^^^^^^^^
  File "C:\Python313\Lib\socketserver.py", line 761, in __init__
    self.handle()
    ~~~~~~~~~~~^^
  File "C:\Python313\Lib\http\server.py", line 436, in handle
    self.handle_one_request()
    ~~~~~~~~~~~~~~~~~~~~~~~^^
  File "C:\Python313\Lib\http\server.py", line 424, in handle_one_request
    method()
    ~~~~~~^^
  File "C:\NSC\GauntletFresh1140-20260912-1\Pipeline\TaskReviewAgent\GauntletView\server.py", line 3777, in do_GET
    self._send(200, body, "application/json; charset=utf-8")
    ~~~~~~~~~~^^^^^^^^^^^^^^^^^^^^^^^^^^^^^^^^^^^^^^^^^^^^^^
  File "C:\NSC\GauntletFresh1140-20260912-1\Pipeline\TaskReviewAgent\GauntletView\server.py", line 3715, in _send
    self.wfile.write(body)
    ~~~~~~~~~~~~~~~~^^^^^^
  File "C:\Python313\Lib\socketserver.py", line 840, in write
    self._sock.sendall(b)
    ~~~~~~~~~~~~~~~~~~^^^
ConnectionAbortedError: [WinError 10053] An established connection was aborted by the software in your host machine
----------------------------------------
