[Licensing::Module] Trying to connect to existing licensing client channel...
[Licensing::IpcConnector] Channel LicenseClient-VincentLiguori doesn't exist
[Licensing::Module] Successfully launched the LicensingClient (PId: 16408)
[Licensing::IpcConnector] Successfully connected to: "LicenseClient-VincentLiguori" at "2026-09-18T11:19:19.4509616Z"
[Licensing::Client] Code 10 while verifying Licensing Client signature (process Id: 16408, path: "C:/Program Files/Unity/Hub/Editor/6000.1.8f1/Editor/Data/Resources/Licensing/Client/Unity.Licensing.Client.exe")
[Licensing::Module] LicensingClient has failed validation; ignoring
[Licensing::Client] Handshaking with LicensingClient:
  Version:                 1.16.2+bdef8f5
  Session Id:              d959ff01a0b54084888cdbccd2c91205
  Correlation Id:          64005b875288811d0523e796e0f3f4c1
  External correlation Id: 7033596041293796926
  Machine Id:              HxO4LzPDSZi5N+Qj55f7MhdwfeY=
[Licensing::Module] Successfully connected to LicensingClient on channel: "LicenseClient-VincentLiguori" (connect: 0.85s, validation: 0.07s, handshake: 0.11s)
[Licensing::IpcConnector] Successfully connected to: "LicenseClient-VincentLiguori-notifications" at "2026-09-18T11:19:19.6274716Z"
[Licensing::Module] Connected to LicensingClient (PId: 16408, launch time: 0.01, total connection time: 1.03s)
[Licensing::Module] Error: Access token is unavailable; failed to update
[Licensing::Client] Successfully resolved entitlement details
[Licensing::Module] Serial number assigned to: "37203-UnityPersXXXX"
[Licensing::Client] Successfully updated license, isAync: True, time: 0.03
Built from '6000.1/staging' branch; Version is '6000.1.8f1 (2a5b1522e5ab) revision 2775829'; Using compiler version '194234433'; Build Type 'Release'
OS: 'Windows 11  (10.0.26200) 64bit Professional' Language: 'en' Physical Memory: 64969 MB
[Licensing::Client] Successfully resolved entitlement details
BatchMode: 1, IsHumanControllingUs: 0, StartBugReporterOnCrash: 0, Is64bit: 1, IsPro: 0
Date: 2026-09-18T11:19:19Z

COMMAND LINE ARGUMENTS:
C:\Program Files\Unity\Hub\Editor\6000.1.8f1\Editor\Unity.exe
-batchmode
-projectPath
C:\nscrev\branch-verify
-runTests
-testPlatform
EditMode
-testFilter
NoSafeCircle.DoorPrototype.Tests.Editor.NavMeshAgentConfigurationTests
-testResults
C:\Users\VincentLiguori\AppData\Local\Temp\NoSafeCircle-UnityTests-ca7614b930c541d3b93282634b7bcfb0\test-results.xml
-logFile
C:\Users\VincentLiguori\AppData\Local\Temp\NoSafeCircle-UnityTests-ca7614b930c541d3b93282634b7bcfb0\unity.log
Successfully changed project path to: C:\nscrev\branch-verify
C:/nscrev/branch-verify
[UnityMemory] Configuration Parameters - Can be set up in boot.config
    "memorysetup-allocator-temp-initial-block-size-main=262144"
    "memorysetup-allocator-temp-initial-block-size-worker=262144"
    "memorysetup-bucket-allocator-granularity=16"
    "memorysetup-bucket-allocator-bucket-count=8"
    "memorysetup-bucket-allocator-block-size=33554432"
    "memorysetup-bucket-allocator-block-count=8"
    "memorysetup-main-allocator-block-size=16777216"
    "memorysetup-thread-allocator-block-size=16777216"
    "memorysetup-gfx-main-allocator-block-size=16777216"
    "memorysetup-gfx-thread-allocator-block-size=16777216"
    "memorysetup-cache-allocator-block-size=4194304"
    "memorysetup-typetree-allocator-block-size=2097152"
    "memorysetup-profiler-bucket-allocator-granularity=16"
    "memorysetup-profiler-bucket-allocator-bucket-count=8"
    "memorysetup-profiler-bucket-allocator-block-size=33554432"
    "memorysetup-profiler-bucket-allocator-block-count=8"
    "memorysetup-profiler-allocator-block-size=16777216"
    "memorysetup-profiler-editor-allocator-block-size=1048576"
    "memorysetup-temp-allocator-size-main=16777216"
    "memorysetup-job-temp-allocator-block-size=2097152"
    "memorysetup-job-temp-allocator-block-size-background=1048576"
    "memorysetup-job-temp-allocator-reduction-small-platforms=262144"
    "memorysetup-temp-allocator-size-background-worker=32768"
    "memorysetup-temp-allocator-size-job-worker=262144"
    "memorysetup-temp-allocator-size-preload-manager=33554432"
    "memorysetup-temp-allocator-size-nav-mesh-worker=65536"
    "memorysetup-temp-allocator-size-audio-worker=65536"
    "memorysetup-temp-allocator-size-cloud-worker=32768"
    "memorysetup-temp-allocator-size-gi-baking-worker=262144"
    "memorysetup-temp-allocator-size-gi-baking-worker=262144"
    "memorysetup-temp-allocator-size-gi-baking-worker=262144"
    "memorysetup-temp-allocator-size-gi-baking-worker=262144"
    "memorysetup-temp-allocator-size-gi-baking-worker=262144"
    "memorysetup-temp-allocator-size-gfx=262144"
Player connection [15344]  Target information:

Player connection [15344]  * "[IP] 172.28.64.1 [Port] 55504 [Flags] 2 [Guid] 344079548 [EditorId] 344079548 [Version] 1048832 [Id] WindowsEditor(7,DESKTOP-6LMNLCK) [Debug] 1 [PackageName] WindowsEditor [ProjectName] Editor"

Player connection [15344]  * "[IP] 192.168.10.143 [Port] 55504 [Flags] 2 [Guid] 344079548 [EditorId] 344079548 [Version] 1048832 [Id] WindowsEditor(7,DESKTOP-6LMNLCK) [Debug] 1 [PackageName] WindowsEditor [ProjectName] Editor"

Player connection [15344] Host joined multi-casting on [225.0.0.222:54997]...
Player connection [15344] Host joined alternative multi-casting on [225.0.0.222:34997]...
Input System module state changed to: Initialized.
[Physics::Module] Initialized fallback backend.
[Physics::Module] Id: 0xdecafbad
[Package Manager] Connected to IPC stream "Upm-36364" after 0.4 seconds.
Library Redirect Path: Library/
[Package Manager] Restoring resolved packages state from cache
[Licensing::Client] Successfully resolved entitlement details
[Package Manager] Registered 56 packages:
  Packages from [https://packages.unity.com]:
    com.unity.ai.navigation@2.0.14 (location: C:\nscrev\branch-verify\Library\PackageCache\com.unity.ai.navigation@134dd6a3b97b)
    com.unity.collab-proxy@2.13.5 (location: C:\nscrev\branch-verify\Library\PackageCache\com.unity.collab-proxy@120d77864ebc)
    com.unity.inputsystem@1.14.0 (location: C:\nscrev\branch-verify\Library\PackageCache\com.unity.inputsystem@7fe8299111a7)
    com.unity.timeline@1.8.7 (location: C:\nscrev\branch-verify\Library\PackageCache\com.unity.timeline@c58b4ee65782)
    com.unity.visualscripting@1.9.7 (location: C:\nscrev\branch-verify\Library\PackageCache\com.unity.visualscripting@6279e2b7c485)
    com.unity.ide.visualstudio@2.0.23 (location: C:\nscrev\branch-verify\Library\PackageCache\com.unity.ide.visualstudio@198cdf337d13)
    com.unity.ide.rider@3.0.36 (location: C:\nscrev\branch-verify\Library\PackageCache\com.unity.ide.rider@4d374c7eb6db)
    com.unity.editorcoroutines@1.0.0 (location: C:\nscrev\branch-verify\Library\PackageCache\com.unity.editorcoroutines@7d48783e7b8c)
    com.unity.performance.profile-analyzer@1.2.3 (location: C:\nscrev\branch-verify\Library\PackageCache\com.unity.performance.profile-analyzer@a68e7bc84997)
    com.unity.testtools.codecoverage@1.2.6 (location: C:\nscrev\branch-verify\Library\PackageCache\com.unity.testtools.codecoverage@205a02cbcb39)
    com.unity.collections@2.6.8 (location: C:\nscrev\branch-verify\Library\PackageCache\com.unity.collections@84e8eb3fc12e)
    com.unity.settings-manager@2.1.0 (location: C:\nscrev\branch-verify\Library\PackageCache\com.unity.settings-manager@41738c275190)
    com.unity.burst@1.8.29 (location: C:\nscrev\branch-verify\Library\PackageCache\com.unity.burst@6bb9aca3ef38)
    com.unity.mathematics@1.3.2 (location: C:\nscrev\branch-verify\Library\PackageCache\com.unity.mathematics@8017b507cc74)
    com.unity.nuget.mono-cecil@1.11.6 (location: C:\nscrev\branch-verify\Library\PackageCache\com.unity.nuget.mono-cecil@ecb9724e46ff)
    com.unity.test-framework.performance@3.1.0 (location: C:\nscrev\branch-verify\Library\PackageCache\com.unity.test-framework.performance@92d1d09a72ed)
  Built-in packages:
    com.unity.2d.tilemap@1.0.0 (location: C:\nscrev\branch-verify\Library\PackageCache\com.unity.2d.tilemap@855769f9baae)
    com.unity.feature.development@1.0.2 (location: C:\nscrev\branch-verify\Library\PackageCache\com.unity.feature.development@767aadbc6eb7)
    com.unity.multiplayer.center@1.0.0 (location: C:\nscrev\branch-verify\Library\PackageCache\com.unity.multiplayer.center@f3fb577b3546)
    com.unity.ugui@2.0.0 (location: C:\nscrev\branch-verify\Library\PackageCache\com.unity.ugui@57cef44123c7)
    com.unity.modules.accessibility@1.0.0 (location: C:\Program Files\Unity\Hub\Editor\6000.1.8f1\Editor\Data\Resources\PackageManager\BuiltInPackages\com.unity.modules.accessibility)
    com.unity.modules.ai@1.0.0 (location: C:\Program Files\Unity\Hub\Editor\6000.1.8f1\Editor\Data\Resources\PackageManager\BuiltInPackages\com.unity.modules.ai)
    com.unity.modules.androidjni@1.0.0 (location: C:\Program Files\Unity\Hub\Editor\6000.1.8f1\Editor\Data\Resources\PackageManager\BuiltInPackages\com.unity.modules.androidjni)
    com.unity.modules.animation@1.0.0 (location: C:\Program Files\Unity\Hub\Editor\6000.1.8f1\Editor\Data\Resources\PackageManager\BuiltInPackages\com.unity.modules.animation)
    com.unity.modules.assetbundle@1.0.0 (location: C:\Program Files\Unity\Hub\Editor\6000.1.8f1\Editor\Data\Resources\PackageManager\BuiltInPackages\com.unity.modules.assetbundle)
    com.unity.modules.audio@1.0.0 (location: C:\Program Files\Unity\Hub\Editor\6000.1.8f1\Editor\Data\Resources\PackageManager\BuiltInPackages\com.unity.modules.audio)
    com.unity.modules.cloth@1.0.0 (location: C:\Program Files\Unity\Hub\Editor\6000.1.8f1\Editor\Data\Resources\PackageManager\BuiltInPackages\com.unity.modules.cloth)
    com.unity.modules.director@1.0.0 (location: C:\Program Files\Unity\Hub\Editor\6000.1.8f1\Editor\Data\Resources\PackageManager\BuiltInPackages\com.unity.modules.director)
    com.unity.modules.imageconversion@1.0.0 (location: C:\Program Files\Unity\Hub\Editor\6000.1.8f1\Editor\Data\Resources\PackageManager\BuiltInPackages\com.unity.modules.imageconversion)
    com.unity.modules.imgui@1.0.0 (location: C:\Program Files\Unity\Hub\Editor\6000.1.8f1\Editor\Data\Resources\PackageManager\BuiltInPackages\com.unity.modules.imgui)
    com.unity.modules.jsonserialize@1.0.0 (location: C:\Program Files\Unity\Hub\Editor\6000.1.8f1\Editor\Data\Resources\PackageManager\BuiltInPackages\com.unity.modules.jsonserialize)
    com.unity.modules.particlesystem@1.0.0 (location: C:\Program Files\Unity\Hub\Editor\6000.1.8f1\Editor\Data\Resources\PackageManager\BuiltInPackages\com.unity.modules.particlesystem)
    com.unity.modules.physics@1.0.0 (location: C:\Program Files\Unity\Hub\Editor\6000.1.8f1\Editor\Data\Resources\PackageManager\BuiltInPackages\com.unity.modules.physics)
    com.unity.modules.physics2d@1.0.0 (location: C:\Program Files\Unity\Hub\Editor\6000.1.8f1\Editor\Data\Resources\PackageManager\BuiltInPackages\com.unity.modules.physics2d)
    com.unity.modules.screencapture@1.0.0 (location: C:\Program Files\Unity\Hub\Editor\6000.1.8f1\Editor\Data\Resources\PackageManager\BuiltInPackages\com.unity.modules.screencapture)
    com.unity.modules.terrain@1.0.0 (location: C:\Program Files\Unity\Hub\Editor\6000.1.8f1\Editor\Data\Resources\PackageManager\BuiltInPackages\com.unity.modules.terrain)
    com.unity.modules.terrainphysics@1.0.0 (location: C:\Program Files\Unity\Hub\Editor\6000.1.8f1\Editor\Data\Resources\PackageManager\BuiltInPackages\com.unity.modules.terrainphysics)
    com.unity.modules.tilemap@1.0.0 (location: C:\Program Files\Unity\Hub\Editor\6000.1.8f1\Editor\Data\Resources\PackageManager\BuiltInPackages\com.unity.modules.tilemap)
    com.unity.modules.ui@1.0.0 (location: C:\Program Files\Unity\Hub\Editor\6000.1.8f1\Editor\Data\Resources\PackageManager\BuiltInPackages\com.unity.modules.ui)
    com.unity.modules.uielements@1.0.0 (location: C:\Program Files\Unity\Hub\Editor\6000.1.8f1\Editor\Data\Resources\PackageManager\BuiltInPackages\com.unity.modules.uielements)
    com.unity.modules.umbra@1.0.0 (location: C:\Program Files\Unity\Hub\Editor\6000.1.8f1\Editor\Data\Resources\PackageManager\BuiltInPackages\com.unity.modules.umbra)
    com.unity.modules.unityanalytics@1.0.0 (location: C:\Program Files\Unity\Hub\Editor\6000.1.8f1\Editor\Data\Resources\PackageManager\BuiltInPackages\com.unity.modules.unityanalytics)
    com.unity.modules.unitywebrequest@1.0.0 (location: C:\Program Files\Unity\Hub\Editor\6000.1.8f1\Editor\Data\Resources\PackageManager\BuiltInPackages\com.unity.modules.unitywebrequest)
    com.unity.modules.unitywebrequestassetbundle@1.0.0 (location: C:\Program Files\Unity\Hub\Editor\6000.1.8f1\Editor\Data\Resources\PackageManager\BuiltInPackages\com.unity.modules.unitywebrequestassetbundle)
    com.unity.modules.unitywebrequestaudio@1.0.0 (location: C:\Program Files\Unity\Hub\Editor\6000.1.8f1\Editor\Data\Resources\PackageManager\BuiltInPackages\com.unity.modules.unitywebrequestaudio)
    com.unity.modules.unitywebrequesttexture@1.0.0 (location: C:\Program Files\Unity\Hub\Editor\6000.1.8f1\Editor\Data\Resources\PackageManager\BuiltInPackages\com.unity.modules.unitywebrequesttexture)
    com.unity.modules.unitywebrequestwww@1.0.0 (location: C:\Program Files\Unity\Hub\Editor\6000.1.8f1\Editor\Data\Resources\PackageManager\BuiltInPackages\com.unity.modules.unitywebrequestwww)
    com.unity.modules.vehicles@1.0.0 (location: C:\Program Files\Unity\Hub\Editor\6000.1.8f1\Editor\Data\Resources\PackageManager\BuiltInPackages\com.unity.modules.vehicles)
    com.unity.modules.video@1.0.0 (location: C:\Program Files\Unity\Hub\Editor\6000.1.8f1\Editor\Data\Resources\PackageManager\BuiltInPackages\com.unity.modules.video)
    com.unity.modules.vr@1.0.0 (location: C:\Program Files\Unity\Hub\Editor\6000.1.8f1\Editor\Data\Resources\PackageManager\BuiltInPackages\com.unity.modules.vr)
    com.unity.modules.wind@1.0.0 (location: C:\Program Files\Unity\Hub\Editor\6000.1.8f1\Editor\Data\Resources\PackageManager\BuiltInPackages\com.unity.modules.wind)
    com.unity.modules.xr@1.0.0 (location: C:\Program Files\Unity\Hub\Editor\6000.1.8f1\Editor\Data\Resources\PackageManager\BuiltInPackages\com.unity.modules.xr)
    com.unity.modules.subsystems@1.0.0 (location: C:\Program Files\Unity\Hub\Editor\6000.1.8f1\Editor\Data\Resources\PackageManager\BuiltInPackages\com.unity.modules.subsystems)
    com.unity.modules.hierarchycore@1.0.0 (location: C:\Program Files\Unity\Hub\Editor\6000.1.8f1\Editor\Data\Resources\PackageManager\BuiltInPackages\com.unity.modules.hierarchycore)
    com.unity.test-framework@1.5.1 (location: C:\nscrev\branch-verify\Library\PackageCache\com.unity.test-framework@7056e7f856e9)
    com.unity.ext.nunit@2.0.5 (location: C:\nscrev\branch-verify\Library\PackageCache\com.unity.ext.nunit@031a54704bff)
[Physics::Module] Selected backend.
[Physics::Module] Name: PhysX
[Physics::Module] Id: 0xf2b8ea05
[Physics::Module] SDK Version: 4.1.2
[Physics::Module] Integration Version: 1.0.0
[Physics::Module] Threading Mode: Multi-Threaded
[Subsystems] No new subsystems found in resolved package list.
Package Manager log level set to [2]
[Package Manager] Done registering packages in 0.53 seconds
Refreshing native plugins compatible for Editor in 19.86 ms, found 4 plugins.
Preloading 0 native plugins for Editor in 0.00 ms.
Initialize engine version: 6000.1.8f1 (2a5b1522e5ab)
[Subsystems] Discovering subsystems at path C:/Program Files/Unity/Hub/Editor/6000.1.8f1/Editor/Data/Resources/UnitySubsystems
[Subsystems] Discovering subsystems at path C:/nscrev/branch-verify/Assets
GfxDevice: creating device client; kGfxThreadingModeNonThreaded
Direct3D:
    Version:         Direct3D 12 [level 12.1]
    Renderer:        NVIDIA GeForce RTX 4070 Laptop GPU (ID=0x2820)
    Vendor:          NVIDIA
    VRAM:            7948 MB
    App VRAM Budget: 7180 MB
    Driver:          32.0.15.9658
[Licensing::Client] Successfully resolved entitlement details
Initialize mono
Mono path[0] = 'C:/Program Files/Unity/Hub/Editor/6000.1.8f1/Editor/Data/Managed'
Mono path[1] = 'C:/Program Files/Unity/Hub/Editor/6000.1.8f1/Editor/Data/MonoBleedingEdge/lib/mono/unityjit-win32'
Mono config path = 'C:/Program Files/Unity/Hub/Editor/6000.1.8f1/Editor/Data/MonoBleedingEdge/etc'
Using monoOptions --debugger-agent=transport=dt_socket,embedding=1,server=y,suspend=n,address=127.0.0.1:56364
Using cacheserver namespaces - metadata:defaultmetadata, artifacts:defaultartifacts
Using cacheserver namespaces - metadata:defaultmetadata, artifacts:defaultartifacts
ImportWorker Server TCP listen port: 0
AcceleratorClientConnectionCallback - disconnected - :0
Begin MonoManager ReloadAssembly
Registering precompiled unity dll's ...
Register platform support module: C:/Program Files/Unity/Hub/Editor/6000.1.8f1/Editor/Data/PlaybackEngines/WebGLSupport/UnityEditor.WebGL.Extensions.dll
Register platform support module: C:/Program Files/Unity/Hub/Editor/6000.1.8f1/Editor/Data/PlaybackEngines/WindowsStandaloneSupport/UnityEditor.WindowsStandalone.Extensions.dll
Registered in 0.004045 seconds.
- Loaded All Assemblies, in  0.451 seconds
Native extension for WindowsStandalone target not found
Native extension for WebGL target not found
Mono: successfully reloaded assembly
- Finished resetting the current domain, in  0.314 seconds
Domain Reload Profiling: 763ms
	BeginReloadAssembly (172ms)
		ExecutionOrderSort (0ms)
		DisableScriptedObjects (0ms)
		BackupInstance (0ms)
		ReleaseScriptingObjects (0ms)
		CreateAndSetChildDomain (2ms)
	RebuildCommonClasses (39ms)
	RebuildNativeTypeToScriptingClass (10ms)
	initialDomainReloadingComplete (58ms)
	LoadAllAssembliesAndSetupDomain (169ms)
		LoadAssemblies (166ms)
		RebuildTransferFunctionScriptingTraits (0ms)
		AnalyzeDomain (165ms)
			TypeCache.Refresh (164ms)
				TypeCache.ScanAssembly (151ms)
			BuildScriptInfoCaches (0ms)
			ResolveRequiredComponents (1ms)
	FinalizeReload (314ms)
		ReleaseScriptCaches (0ms)
		RebuildScriptCaches (0ms)
		SetupLoadedEditorAssemblies (281ms)
			LogAssemblyErrors (0ms)
			InitializePlatformSupportModulesInManaged (54ms)
			SetLoadedEditorAssemblies (4ms)
			BeforeProcessingInitializeOnLoad (52ms)
			ProcessInitializeOnLoadAttributes (119ms)
			ProcessInitializeOnLoadMethodAttributes (52ms)
			AfterProcessingInitializeOnLoad (0ms)
			EditorAssembliesLoaded (0ms)
		ExecutionOrderSort2 (0ms)
		AwakeInstancesAfterBackupRestoration (0ms)
[Licensing::Client] Successfully resolved entitlement details
Application.AssetDatabase Initial Refresh Start
Starting: C:\Program Files\Unity\Hub\Editor\6000.1.8f1\Editor\Data\bee_backend.exe --ipc --defer-dag-verification --dagfile="Library/Bee/1900b0aEDbg.dag" --continue-on-failure --profile="Library/Bee/backend1.traceevents" ScriptAssemblies
WorkingDir: C:/nscrev/branch-verify
DisplayProgressbar: Compiling Scripts
ExitCode: 0 Duration: 0s573ms
[577/728    0s] ILPP-Configuration Library/ilpp-configuration.nevergeneratedoutput
*** Tundra build success (0.54 seconds), 1 items updated, 728 evaluated
AssetDatabase: script compilation time: 1.267452s
Begin MonoManager ReloadAssembly
- Loaded All Assemblies, in  0.945 seconds
Start importing ProjectSettings/TagManager.asset using Guid(00000000000000003000000000000000) (LibraryAssetImporter) -> (artifact id: '618e020db318bd5f94ae7e0be995f827') in 0.0217698 seconds
Refreshing native plugins compatible for Editor in 1.71 ms, found 4 plugins.
Native extension for WindowsStandalone target not found
Native extension for WebGL target not found
Refreshing native plugins compatible for Editor in 1.96 ms, found 4 plugins.
Mono: successfully reloaded assembly
- Finished resetting the current domain, in  4.179 seconds
Domain Reload Profiling: 5119ms
	BeginReloadAssembly (256ms)
		ExecutionOrderSort (0ms)
		DisableScriptedObjects (12ms)
		BackupInstance (0ms)
		ReleaseScriptingObjects (0ms)
		CreateAndSetChildDomain (137ms)
	RebuildCommonClasses (28ms)
	RebuildNativeTypeToScriptingClass (10ms)
	initialDomainReloadingComplete (27ms)
	LoadAllAssembliesAndSetupDomain (618ms)
		LoadAssemblies (484ms)
		RebuildTransferFunctionScriptingTraits (0ms)
		AnalyzeDomain (215ms)
			TypeCache.Refresh (174ms)
				TypeCache.ScanAssembly (164ms)
			BuildScriptInfoCaches (33ms)
			ResolveRequiredComponents (5ms)
	FinalizeReload (4180ms)
		ReleaseScriptCaches (0ms)
		RebuildScriptCaches (0ms)
		SetupLoadedEditorAssemblies (3999ms)
			LogAssemblyErrors (0ms)
			InitializePlatformSupportModulesInManaged (25ms)
			SetLoadedEditorAssemblies (5ms)
			BeforeProcessingInitializeOnLoad (173ms)
			ProcessInitializeOnLoadAttributes (3740ms)
			ProcessInitializeOnLoadMethodAttributes (50ms)
			AfterProcessingInitializeOnLoad (6ms)
			EditorAssembliesLoaded (0ms)
		ExecutionOrderSort2 (0ms)
		AwakeInstancesAfterBackupRestoration (9ms)
Start importing Assets/NoSafeCircle/DoorPrototype/Art/Wizard/Source/PixelLab128/feminine-light/selected/walk/east/frame_005.png using Guid(0030e0610a2494d96df6524e44539bee) (TextureImporter) -> (artifact id: 'ada2ed28c40f9bcef7c98f2927e22b4d') in 0.0102399 seconds
Start importing Assets/NoSafeCircle/DoorPrototype/Art/Wizard/Source/PixelLab128/masculine-dark/selected/walk/south-east/frame_001.png using Guid(20711c7aeb00176be04c038a23823925) (TextureImporter) -> (artifact id: 'd3d3ded6cdb4fdd7f936cfa72bc460f7') in 0.0030158 seconds
Start importing Assets/NoSafeCircle/DoorPrototype/Art/Wizard/Source/PixelLab128/feminine-light/selected/walk/south-east/frame_005.png using Guid(4072167d90735cdaf9dff28af3216038) (TextureImporter) -> (artifact id: 'd0139b6f7960a5183c24ef6fbc278649') in 0.0026246 seconds
Start importing Assets/NoSafeCircle/DoorPrototype/Art/Wizard/Source/PixelLab128/masculine-light/selected/walk/south-west/frame_000.png using Guid(409c9c580d7f4089d2ea0787ea27260a) (TextureImporter) -> (artifact id: 'd0936fc55d3d231b008504a0e8a17280') in 0.0027587 seconds
Start importing Assets/NoSafeCircle/DoorPrototype/Art/Wizard/Source/PixelLab128/masculine-light/selected/walk/east/frame_000.png using Guid(6069960264c23934f8d892fb7347e894) (TextureImporter) -> (artifact id: '8b563908637d774cf23b569f03e3425c') in 0.0024098 seconds
Start importing Assets/NoSafeCircle/DoorPrototype/Art/Wizard/Source/PixelLab128/masculine-light/selected/walk/south/frame_002.png using Guid(70e0014e2281d87deeee65a9edb9eb93) (TextureImporter) -> (artifact id: '327bc064f262d8f10e8ae6939aea8b67') in 0.0025346 seconds
Start importing Assets/NoSafeCircle/DoorPrototype/Art/Wizard/Source/PixelLab128/feminine-dark/selected/walk/north-west/frame_000.png using Guid(705e2f4c85cab9f2a3803b6cc9583706) (TextureImporter) -> (artifact id: 'a1eaa49b74ac4257d24ca70c7a52c206') in 0.0027944 seconds
Start importing Assets/NoSafeCircle/DoorPrototype/Art/Wizard/Source/PixelLab128/feminine-dark/selected/walk/north/frame_001.png using Guid(c08ef40db6e548deab5eab1893177399) (TextureImporter) -> (artifact id: '4e15720b65cc0e0955e9006a7833e837') in 0.0027958 seconds
Start importing Assets/NoSafeCircle/DoorPrototype/Art/Wizard/Source/PixelLab128/feminine-dark/selected/walk/east/frame_000.png using Guid(e032482fb845e8214b0ec24666111a70) (TextureImporter) -> (artifact id: '612c48abc860a57b500cefe35fec2da6') in 0.0024302 seconds
Start importing Assets/NoSafeCircle/DoorPrototype/Art/Wizard/Source/PixelLab128/feminine-dark/selected/walk/south-east/frame_000.png using Guid(f02c8b42b10e2d6dee6830173953d60b) (TextureImporter) -> (artifact id: 'd5ab50543eb3a733496e9afc05db540b') in 0.002526 seconds
Start importing Assets/NoSafeCircle/DoorPrototype/Art/Wizard/Source/PixelLab128/masculine-dark/selected/walk/south-east/frame_004.png using Guid(5114bd4f98945abddec8d7ebfebed1df) (TextureImporter) -> (artifact id: 'f1abaf1c9a80e88be1aa59674c1c2c43') in 0.0022942 seconds
Start importing Assets/NoSafeCircle/DoorPrototype/Art/Wizard/Source/PixelLab128/masculine-dark/selected/walk/north-west/frame_002.png using Guid(5127e7a5797ce01c7063ae76fb646e99) (TextureImporter) -> (artifact id: '2edf298efb8e03d2f849b9771963d54b') in 0.0025035 seconds
Start importing Assets/NoSafeCircle/DoorPrototype/Art/Wizard/Source/PixelLab128/masculine-light/selected/walk/north/frame_000.png using Guid(511c6f3ffbb2f73f8e921a93f4b9bb12) (TextureImporter) -> (artifact id: '1e233b57eb601db92b4209637ecbbe84') in 0.0027672 seconds
Start importing Assets/NoSafeCircle/DoorPrototype/Art/Wizard/Source/PixelLab128/feminine-light/selected/walk/west/frame_001.png using Guid(61d628b74b6ab475974f9263f9c72b1a) (TextureImporter) -> (artifact id: '342fad48a4734b251954797d9df48bcb') in 0.0025953 seconds
Start importing Assets/NoSafeCircle/DoorPrototype/Art/Wizard/Source/PixelLab128/feminine-light/selected/walk/south-west/frame_003.png using Guid(918a675d8dfb71e2665301ffbc0751fa) (TextureImporter) -> (artifact id: '784d7e478042bfff9f8697655d0aeb8f') in 0.0026295 seconds
Start importing Assets/NoSafeCircle/DoorPrototype/Art/Wizard/Source/PixelLab128/masculine-light/selected/walk/north-east/frame_000.png using Guid(911fe0885abb8d3cc53ccbf09d9826a3) (TextureImporter) -> (artifact id: '062da6188b53c45609fae5915e43f27d') in 0.0026697 seconds
Start importing Assets/NoSafeCircle/DoorPrototype/Art/Wizard/Source/PixelLab128/feminine-dark/selected/walk/west/frame_000.png using Guid(a155a750be4b7550293476c4cf5368b4) (TextureImporter) -> (artifact id: '50a249154ec62473f1d65f0349b27a0c') in 0.002555 seconds
Start importing Assets/NoSafeCircle/DoorPrototype/Art/Wizard/Source/PixelLab128/feminine-dark/selected/walk/west/frame_002.png using Guid(e1dd527a80e24ad9759346349b15e1ce) (TextureImporter) -> (artifact id: '6ec3e4932322c8310ad7d01822e6303e') in 0.0027923 seconds
Start importing Assets/NoSafeCircle/DoorPrototype/Art/Wizard/Source/PixelLab128/masculine-light/selected/walk/south/frame_005.png using Guid(42d05ae0dc6742866147eae4e6954a54) (TextureImporter) -> (artifact id: '9b321b018746540d0ac7c5e4845c81e6') in 0.0024378 seconds
Start importing Assets/NoSafeCircle/DoorPrototype/Art/Wizard/Source/PixelLab128/masculine-dark/selected/walk/south-west/frame_004.png using Guid(62cb70dfec502555df3af7cce59db91e) (TextureImporter) -> (artifact id: 'e98c0752b192a5c915e2d1f173ad14f5') in 0.0029412 seconds
Start importing Assets/NoSafeCircle/DoorPrototype/Art/Wizard/Source/PixelLab128/masculine-dark/selected/walk/south-east/frame_002.png using Guid(8218793f29be20a753fa22f72d528e61) (TextureImporter) -> (artifact id: '261497350cc870ba86ca2c0e70df95f8') in 0.0025406 seconds
Start importing Assets/NoSafeCircle/DoorPrototype/Art/Wizard/Source/PixelLab128/feminine-dark/selected/walk/north-east/frame_005.png using Guid(927068733df664a1fbb059199849d5aa) (TextureImporter) -> (artifact id: 'aa02bc7ae3c59b506adcf2dbb7c2c763') in 0.0027923 seconds
Start importing Assets/NoSafeCircle/DoorPrototype/Art/Wizard/Source/PixelLab128/feminine-dark/selected/walk/south-west/frame_002.png using Guid(924bf3ab278939e9b5f6518357d6e7f2) (TextureImporter) -> (artifact id: '8b6a803cc8821554f504a988ad7c12ad') in 0.002525 seconds
Start importing Assets/NoSafeCircle/DoorPrototype/Art/Wizard/Source/PixelLab128/masculine-light/selected/walk/north/frame_001.png using Guid(a25b70e1ad42df3c47e21e8d25748f94) (TextureImporter) -> (artifact id: '1aba578d232229947dc109601f355bae') in 0.0026396 seconds
Start importing Assets/NoSafeCircle/DoorPrototype/Art/Wizard/Source/PixelLab128/masculine-dark/selected/walk/north-west/frame_004.png using Guid(b25472a8e22c7673cb3b0b756875fd06) (TextureImporter) -> (artifact id: 'af8981d6c585bb343000314aaf5fe4a3') in 0.0023417 seconds
Start importing Assets/NoSafeCircle/DoorPrototype/Art/Wizard/Source/PixelLab128/masculine-light/selected/walk/south-west/frame_003.png using Guid(c2c05e8d6a123ebb2be7ebe587666a0f) (TextureImporter) -> (artifact id: 'ecdf519dba84f837d43f0e729b623059') in 0.0033314 seconds
Start importing Assets/NoSafeCircle/DoorPrototype/Art/Wizard/Source/PixelLab128/masculine-light/selected/walk/north-west/frame_002.png using Guid(03573d3829fe8ac56ce7eedd0424e774) (TextureImporter) -> (artifact id: 'b52b5f222c19f33a1df2519435b2ef32') in 0.0030369 seconds
Start importing Assets/NoSafeCircle/DoorPrototype/Art/Wizard/Source/PixelLab128/feminine-dark/selected/walk/south-east/frame_005.png using Guid(13af1e2d9ff8930b46fbb139c887aaa3) (TextureImporter) -> (artifact id: '55b81c9ff18e2189aa9cb20d876ab20a') in 0.0027711 seconds
Start importing Assets/NoSafeCircle/DoorPrototype/Art/Wizard/Source/PixelLab128/masculine-dark/selected/walk/south/frame_005.png using Guid(43c84ced9ef3323832c5241d579c236a) (TextureImporter) -> (artifact id: '1d40d4badea7fc9974956a7bcf993c22') in 0.0026123 seconds
Start importing Assets/NoSafeCircle/DoorPrototype/Art/Wizard/Source/PixelLab128/feminine-light/selected/walk/south-west/frame_005.png using Guid(438f087a7db36d3023f973829cfa13c7) (TextureImporter) -> (artifact id: '2b4e6200cbfb096372f5d0f6b2246186') in 0.0028029 seconds
Start importing Assets/NoSafeCircle/DoorPrototype/Art/Wizard/Source/PixelLab128/feminine-light/selected/walk/north/frame_002.png using Guid(83b12d49a4d6e13ae37c0823cdf6a6c4) (TextureImporter) -> (artifact id: '200a62f82b58bff5bbe8c06cd3cfb7f9') in 0.0026737 seconds
Start importing Assets/NoSafeCircle/DoorPrototype/Art/Wizard/Source/PixelLab128/feminine-dark/selected/walk/north-west/frame_001.png using Guid(c3fb82b5708097976ace500934674be7) (TextureImporter) -> (artifact id: '2cede30a995ec6a326a1039ee5fe77c7') in 0.0028256 seconds
Start importing Assets/NoSafeCircle/DoorPrototype/Art/Wizard/Source/PixelLab128/feminine-dark/selected/walk/north-east/frame_001.png using Guid(d358f0f4231e8cfae670f5951afd0db8) (TextureImporter) -> (artifact id: '98f25b7e457a20c95ea887cd69ddfde6') in 0.0028604 seconds
Start importing Assets/NoSafeCircle/DoorPrototype/Art/Wizard/Source/PixelLab128/feminine-dark/selected/walk/west/frame_001.png using Guid(f3a905c7af3e07d08214762b00f61c3f) (TextureImporter) -> (artifact id: '436a6a06a1bbffb47ab227ea664f8bc5') in 0.00342 seconds
Start importing Assets/NoSafeCircle/DoorPrototype/Art/Wizard/Source/PixelLab128/feminine-light/selected/walk/south-east/frame_002.png using Guid(046b6a1c9f4cfe843b7414b554a03fdd) (TextureImporter) -> (artifact id: '71c02598332b2419fd5a53ada44b3bdb') in 0.0029057 seconds
Start importing Assets/NoSafeCircle/DoorPrototype/Art/Wizard/Source/PixelLab128/masculine-dark/selected/walk/north-east/frame_003.png using Guid(44ced2e28466d7b27907c5ad42a69694) (TextureImporter) -> (artifact id: '64e71920a0a474994cf90c708a48ba1f') in 0.0028622 seconds
Start importing Assets/NoSafeCircle/DoorPrototype/Art/Wizard/Source/PixelLab128/masculine-light/selected/walk/south-west/frame_005.png using Guid(941593e0044a2d1a1c6a1ba369c207ad) (TextureImporter) -> (artifact id: '997c8b18e12d66dfc2ef16ee2b99481a') in 0.0029843 seconds
Start importing Assets/NoSafeCircle/DoorPrototype/Art/Wizard/Source/PixelLab128/feminine-light/selected/walk/north-west/frame_001.png using Guid(e4e4604f180556e3dd62131c710467e9) (TextureImporter) -> (artifact id: '85ccd9e0f4a2508afedce8e8d52bc45b') in 0.0028439 seconds
Start importing Assets/NoSafeCircle/DoorPrototype/Art/Wizard/Source/PixelLab128/masculine-dark/selected/walk/south/frame_000.png using Guid(e4dc0e709e3ffd266861d7462d5925e5) (TextureImporter) -> (artifact id: '4cceb2caaa4307c0aeb12c6b916f3485') in 0.0040582 seconds
Start importing Assets/NoSafeCircle/DoorPrototype/Art/Wizard/Source/PixelLab128/masculine-light/selected/walk/south/frame_000.png using Guid(154ef5a66b7ca93e316ded9add3bad38) (TextureImporter) -> (artifact id: '583727a07fb4bb3719645925f902c2a5') in 0.0033392 seconds
Start importing Assets/NoSafeCircle/DoorPrototype/Art/Wizard/Source/PixelLab128/feminine-light/selected/walk/north-west/frame_000.png using Guid(653b389077fdb9b0adfa7ac9de554c34) (TextureImporter) -> (artifact id: '08c6918027e2f71f80b3672cc5888e90') in 0.0032032 seconds
Start importing Assets/NoSafeCircle/DoorPrototype/Art/Wizard/Source/PixelLab128/feminine-dark/selected/walk/east/frame_004.png using Guid(06fa803395df34bd8ebcd34e4491022b) (TextureImporter) -> (artifact id: '1734dd8abd296e983f2e54b8b6439b7c') in 0.0031797 seconds
Start importing Assets/NoSafeCircle/DoorPrototype/Art/Wizard/Source/PixelLab128/masculine-light/selected/walk/north-east/frame_004.png using Guid(16298295fdd5fb11c57c6c4ad2838ca5) (TextureImporter) -> (artifact id: 'e2513348798f7579868640a619f2f517') in 0.0031278 seconds
Start importing Assets/NoSafeCircle/DoorPrototype/Art/Wizard/Source/PixelLab128/feminine-dark/selected/walk/south-east/frame_002.png using Guid(26fc33236b62e42e8f4d1afd26f6a7a8) (TextureImporter) -> (artifact id: '93949ae25c553093c17d5ac74830e1a0') in 0.0026548 seconds
Start importing Assets/NoSafeCircle/DoorPrototype/Art/Wizard/Source/PixelLab128/masculine-dark/selected/walk/north-east/frame_000.png using Guid(565cf7e6e967dbdb337c6189e0266b2a) (TextureImporter) -> (artifact id: '122aa0e746dc1c5082f9d3b6db496a12') in 0.0026819 seconds
Start importing Assets/NoSafeCircle/DoorPrototype/Art/Wizard/Source/PixelLab128/masculine-light/selected/walk/west/frame_002.png using Guid(66841e733870a36ca1dfd82001138b35) (TextureImporter) -> (artifact id: '09191a858933c875fc5478b9c4c68a8e') in 0.0027884 seconds
Start importing Assets/NoSafeCircle/DoorPrototype/Art/Wizard/Source/PixelLab128/masculine-dark/selected/walk/west/frame_001.png using Guid(7685e6dc1f2359edfb2b4387cf6b1e04) (TextureImporter) -> (artifact id: '44a99be58bca2c384b592719f3b41838') in 0.002614 seconds
Start importing Assets/NoSafeCircle/DoorPrototype/Art/Wizard/Source/PixelLab128/feminine-light/selected/walk/north/frame_000.png using Guid(766d5f8ddc98df1500b795d20ea0530e) (TextureImporter) -> (artifact id: '79b32380f1b6602e7cac3db90596f935') in 0.0024034 seconds
Start importing Assets/NoSafeCircle/DoorPrototype/Art/Wizard/Source/PixelLab128/masculine-dark/selected/walk/east/frame_000.png using Guid(769e1c0f8d7a23074a724756d7e867de) (TextureImporter) -> (artifact id: '00bd7869872cf2fc907588302fcab7af') in 0.0025178 seconds
Start importing Assets/NoSafeCircle/DoorPrototype/Art/Wizard/Source/PixelLab128/masculine-dark/selected/walk/north/frame_003.png using Guid(86f14509437d42148f894d215cb54fc1) (TextureImporter) -> (artifact id: '6fd591b605456a192e9d33d14b4b9cbe') in 0.0023782 seconds
Start importing Assets/NoSafeCircle/DoorPrototype/Art/Wizard/Source/PixelLab128/masculine-light/selected/walk/south-east/frame_003.png using Guid(86a2264a2052d29b6b5cfb2a0fe35353) (TextureImporter) -> (artifact id: '81d6e66c07fcf4b42466a814ba57f941') in 0.0024374 seconds
Start importing Assets/NoSafeCircle/DoorPrototype/Art/Wizard/Source/PixelLab128/masculine-dark/selected/walk/east/frame_004.png using Guid(b697c28f66b4351aad6cc4e73bad71db) (TextureImporter) -> (artifact id: '04ed818c17a2a9294f1fa14fb48ee9d1') in 0.002392 seconds
Start importing Assets/NoSafeCircle/DoorPrototype/Art/Wizard/Source/PixelLab128/masculine-dark/selected/walk/south-west/frame_003.png using Guid(b6e7cedcb70faadadaf9d349aeaebac8) (TextureImporter) -> (artifact id: '49272214cddfaaca6f53e3528c460c71') in 0.002586 seconds
Start importing Assets/NoSafeCircle/DoorPrototype/Art/Wizard/Source/PixelLab128/masculine-light/selected/walk/north-west/frame_004.png using Guid(d6bc6e9c791b2679abe20387ec28c77a) (TextureImporter) -> (artifact id: 'dad5106f8d9460230fe283f788f94dc7') in 0.002596 seconds
Start importing Assets/NoSafeCircle/DoorPrototype/Art/Wizard/Source/PixelLab128/feminine-light/selected/walk/north-east/frame_000.png using Guid(e61a7901804878647fca64d68bca185a) (TextureImporter) -> (artifact id: '303f116f7c86fa80ff62ac835670468f') in 0.0024447 seconds
Start importing Assets/NoSafeCircle/DoorPrototype/Art/Wizard/Source/PixelLab128/feminine-light/selected/walk/west/frame_005.png using Guid(17c31d94a7c9c0e6572631b15b71587a) (TextureImporter) -> (artifact id: 'bbb9e466c922bec8821cef953910bd43') in 0.0027558 seconds
Start importing Assets/NoSafeCircle/DoorPrototype/Art/Wizard/Source/PixelLab128/masculine-dark/selected/walk/east/frame_002.png using Guid(37890bc1d7818d636c266f82778516ed) (TextureImporter) -> (artifact id: 'c93936d78a81b2ada3a27149acf312d0') in 0.0027252 seconds
Start importing Assets/NoSafeCircle/DoorPrototype/Art/Wizard/Source/PixelLab128/masculine-dark/selected/walk/north-east/frame_002.png using Guid(67d57138cbc4910d5002eb4b95178749) (TextureImporter) -> (artifact id: 'dc976f274f36a29045e1f25bc2d112a5') in 0.002453 seconds
Start importing Assets/NoSafeCircle/DoorPrototype/Art/Wizard/Source/PixelLab128/feminine-dark/selected/walk/north-east/frame_004.png using Guid(8704cfb1ed052fa8ce8bc0fe7ef05eb6) (TextureImporter) -> (artifact id: '5a6109e57ef10f5bd41ea9eead106f34') in 0.0027206 seconds
Start importing Assets/NoSafeCircle/DoorPrototype/Art/Wizard/Source/PixelLab128/feminine-light/selected/walk/east/frame_001.png using Guid(97b978e93a125fabef39fed1850a407c) (TextureImporter) -> (artifact id: '44002e96f8af461e6bdbd4aae42085f8') in 0.0025615 seconds
Start importing Assets/NoSafeCircle/DoorPrototype/Art/Wizard/Source/PixelLab128/masculine-dark/selected/walk/east/frame_005.png using Guid(b786530118ad410d31d47e1bb25ca065) (TextureImporter) -> (artifact id: '34a7d32acbaba550c91779b776ffb06e') in 0.0028007 seconds
Start importing Assets/NoSafeCircle/DoorPrototype/Art/Wizard/Source/PixelLab128/feminine-light/selected/walk/north/frame_003.png using Guid(c700285a968833aefabdae2ae49281c5) (TextureImporter) -> (artifact id: '44bfe16b43cf058b0c035449f0929b86') in 0.0028133 seconds
Start importing Assets/NoSafeCircle/DoorPrototype/Art/Wizard/Source/PixelLab128/feminine-light/selected/walk/south-east/frame_003.png using Guid(c7c00ccb8423058cd6fc776632869823) (TextureImporter) -> (artifact id: '76c21cb2fba66c10ea7de6f3f2fe0830') in 0.0024393 seconds
Start importing Assets/NoSafeCircle/DoorPrototype/Art/Wizard/Source/PixelLab128/feminine-dark/selected/walk/west/frame_004.png using Guid(f7d65c19af6e8b448a0b104caab9ad1c) (TextureImporter) -> (artifact id: 'cec8d4e2e51895aaedb730e0e2876083') in 0.0025198 seconds
Start importing Assets/NoSafeCircle/DoorPrototype/Art/Wizard/Source/PixelLab128/feminine-light/selected/walk/north-east/frame_005.png using Guid(18d17498f429bea9b0c90bb03f6fde22) (TextureImporter) -> (artifact id: '5574166e90c66dd3ce153efb23dba68b') in 0.0025267 seconds
Start importing Assets/NoSafeCircle/DoorPrototype/Art/Wizard/Source/PixelLab128/feminine-light/selected/walk/north/frame_001.png using Guid(4837383bf654fd50d07ae7e503479da0) (TextureImporter) -> (artifact id: '57b09282c7db65aaaa1cdb6fecbac5c4') in 0.0029055 seconds
Start importing Assets/NoSafeCircle/DoorPrototype/Art/Wizard/Source/PixelLab128/feminine-dark/selected/walk/north-west/frame_002.png using Guid(68a459c105fe60c2cf64600019bcc9d6) (TextureImporter) -> (artifact id: 'c86f3b116a7a028348031e9c8cfc3657') in 0.0029511 seconds
Start importing Assets/NoSafeCircle/DoorPrototype/Art/Wizard/Source/PixelLab128/feminine-dark/selected/walk/south/frame_000.png using Guid(68c50d15156b30c35ad462d7c0101a46) (TextureImporter) -> (artifact id: 'e1f00bcac91dffd8362a5fed314d46e7') in 0.0027668 seconds
Start importing Assets/NoSafeCircle/DoorPrototype/Art/Wizard/Source/PixelLab128/feminine-light/selected/walk/south-east/frame_004.png using Guid(78bdec294de0aca194ac8277d9f21d10) (TextureImporter) -> (artifact id: 'd480f53852d4013ff1a74397beea597a') in 0.0026607 seconds
Start importing Assets/NoSafeCircle/DoorPrototype/Art/Wizard/Source/PixelLab128/masculine-light/selected/walk/north/frame_002.png using Guid(982aa2a2246c17185c54c6ccd14233c7) (TextureImporter) -> (artifact id: '70fb9b311a0b352133ae96476a95826a') in 0.0023558 seconds
Start importing Assets/NoSafeCircle/DoorPrototype/Art/Wizard/Source/PixelLab128/feminine-light/selected/walk/east/frame_000.png using Guid(98cac6ce3816374db7e764acba0a7c71) (TextureImporter) -> (artifact id: 'e3e248d8d389c15dae2c64ac3d2d0b8b') in 0.0023123 seconds
Start importing Assets/NoSafeCircle/DoorPrototype/Art/Wizard/Source/PixelLab128/feminine-light/selected/walk/south/frame_001.png using Guid(e8d794bf612ddfd95d6c2dfd4ef41c36) (TextureImporter) -> (artifact id: 'ca1513cf563aadd796383aea6a12ae6a') in 0.002293 seconds
Start importing Assets/NoSafeCircle/DoorPrototype/Art/Wizard/Source/PixelLab128/masculine-dark/selected/walk/north/frame_002.png using Guid(e84e67cebcc50964c22b4a7e487248e6) (TextureImporter) -> (artifact id: 'c483116ae2014ea1f49418eea6bb1a5c') in 0.0025251 seconds
Start importing Assets/NoSafeCircle/DoorPrototype/Art/Wizard/Source/PixelLab128/masculine-dark/selected/walk/north/frame_005.png using Guid(1959be72df16a3b18b4095dc33236b5a) (TextureImporter) -> (artifact id: '49eb982d28b0f15f1fb5f505eaa3b5d3') in 0.0025942 seconds
Start importing Assets/NoSafeCircle/DoorPrototype/Art/Wizard/Source/PixelLab128/feminine-light/selected/walk/west/frame_002.png using Guid(591719d78b23b49dda2139810797b11b) (TextureImporter) -> (artifact id: '1acda01bf672a39eeaf1b1d4d2d73daf') in 0.0025074 seconds
Start importing Assets/NoSafeCircle/DoorPrototype/Art/Wizard/Source/PixelLab128/feminine-dark/selected/walk/south-west/frame_003.png using Guid(6963ae42d275d26ecd72d1ab5121febe) (TextureImporter) -> (artifact id: '77ed38bc8fc40747f1e8a7c978bdf1d5') in 0.0025542 seconds
Start importing Assets/NoSafeCircle/DoorPrototype/Art/Wizard/Source/PixelLab128/feminine-dark/selected/walk/north-west/frame_004.png using Guid(69273af1265066458a9f0fd4251da60b) (TextureImporter) -> (artifact id: '1678e7d1e2101bff8e975353c6ccd84a') in 0.0024452 seconds
Start importing Assets/NoSafeCircle/DoorPrototype/Art/Wizard/Source/PixelLab128/masculine-dark/selected/walk/south/frame_001.png using Guid(79c674b369610d5566e03942dafdced9) (TextureImporter) -> (artifact id: '0cbea08560795d09337aa808cc031db6') in 0.0025801 seconds
Start importing Assets/NoSafeCircle/DoorPrototype/Art/Wizard/Source/PixelLab128/masculine-light/selected/walk/north/frame_005.png using Guid(89093ebef17722e8b90a3ecef584cc22) (TextureImporter) -> (artifact id: '4c27cfc6acc45ec701dc2598ce0e39a5') in 0.0032575 seconds
Start importing Assets/NoSafeCircle/DoorPrototype/Art/Wizard/Source/PixelLab128/feminine-dark/selected/walk/east/frame_002.png using Guid(892d23d17cfa226d765f35c217a57b23) (TextureImporter) -> (artifact id: '13933aa99b353be5bf335a7136ff4b37') in 0.0028053 seconds
Start importing Assets/NoSafeCircle/DoorPrototype/Art/Wizard/Source/PixelLab128/masculine-dark/selected/walk/south/frame_003.png using Guid(a980cdb978133b1b486ad984fa9cd23f) (TextureImporter) -> (artifact id: '52ee31407145af5183cbde469bbc0f1e') in 0.0029866 seconds
Start importing Assets/NoSafeCircle/DoorPrototype/Art/Wizard/Source/PixelLab128/feminine-light/selected/walk/south/frame_003.png using Guid(c953e3b8e899f68382f74b3eef18d29b) (TextureImporter) -> (artifact id: '0b39adbdde1d80024faf84d1fd6b79fe') in 0.0026535 seconds
Start importing Assets/NoSafeCircle/DoorPrototype/Art/Wizard/Source/PixelLab128/masculine-dark/selected/walk/north-west/frame_001.png using Guid(e94e5fbadce58b0e884273b7dca6f14a) (TextureImporter) -> (artifact id: '177179cb1b8e1c1f3d001a22b1a6218c') in 0.0025476 seconds
Start importing Assets/NoSafeCircle/DoorPrototype/Art/Wizard/Source/PixelLab128/masculine-dark/selected/walk/south/frame_002.png using Guid(4a2e18a1f62d541a40fe33d60225f8ef) (TextureImporter) -> (artifact id: 'b02d32a2b582ea3b71a46bd8de813acf') in 0.0026618 seconds
Start importing Assets/NoSafeCircle/DoorPrototype/Art/Wizard/Source/PixelLab128/feminine-dark/selected/walk/south-east/frame_003.png using Guid(6a7d7c3549caefe9e90b647377e9f568) (TextureImporter) -> (artifact id: 'f074cb7500378e7ad53313d40b346775') in 0.0026205 seconds
Start importing Assets/NoSafeCircle/DoorPrototype/Art/Wizard/Source/PixelLab128/feminine-dark/selected/walk/north/frame_005.png using Guid(aa82202aaf52b9bcd0c5f8c6b3544edc) (TextureImporter) -> (artifact id: '5e80f1b8973cead05c3c772c7d5c7912') in 0.002587 seconds
Start importing Assets/NoSafeCircle/DoorPrototype/Art/Wizard/Source/PixelLab128/feminine-dark/selected/walk/south/frame_004.png using Guid(baa7f76356a02c1b897ba39c980cb9dd) (TextureImporter) -> (artifact id: '2080250c5a2c3f82d5068462a573886e') in 0.0026313 seconds
Start importing Assets/NoSafeCircle/DoorPrototype/Art/Wizard/Source/PixelLab128/masculine-light/selected/walk/north/frame_004.png using Guid(baf9d97471fc9ea6e727754ca9bf01fe) (TextureImporter) -> (artifact id: '34985a55de4714182341e18d859a4366') in 0.0025538 seconds
Start importing Assets/NoSafeCircle/DoorPrototype/Art/Wizard/Source/PixelLab128/masculine-dark/selected/walk/north-west/frame_003.png using Guid(ca02ea9d2e3a8e1c862177878f5f3c0e) (TextureImporter) -> (artifact id: '05574cf8822ddfc466b45c3a5e2a5aa7') in 0.0024638 seconds
Start importing Assets/NoSafeCircle/DoorPrototype/Art/Wizard/Source/PixelLab128/masculine-dark/selected/walk/south-east/frame_005.png using Guid(da83061b2bd9a8b9e889743240d1893d) (TextureImporter) -> (artifact id: '8d15327a67e965f81bbecf40a7632e83') in 0.0025404 seconds
Start importing Assets/NoSafeCircle/DoorPrototype/Art/Wizard/Source/PixelLab128/feminine-dark/selected/walk/north-east/frame_003.png using Guid(eaa8c94307248feb32a617f6af8f2163) (TextureImporter) -> (artifact id: '5265b6dcd45b6caa7f6e18f9c9b11ce1') in 0.0024704 seconds
Start importing Assets/NoSafeCircle/DoorPrototype/Art/Wizard/Source/PixelLab128/masculine-light/selected/walk/south-east/frame_005.png using Guid(fae0f219d5ee8dcae3e910857b98a3e6) (TextureImporter) -> (artifact id: 'b2d339a0f5ee00d62fdf45edfa8d8a8a') in 0.002853 seconds
Start importing Assets/NoSafeCircle/DoorPrototype/Art/Wizard/Source/PixelLab128/feminine-light/selected/walk/north-west/frame_003.png using Guid(fa632606668e9ef87ac877ab44ba7d55) (TextureImporter) -> (artifact id: '3675d2def1536622fe9359130e19b117') in 0.0024911 seconds
Start importing Assets/NoSafeCircle/DoorPrototype/Art/Wizard/Source/PixelLab128/feminine-dark/selected/walk/north/frame_002.png using Guid(fa27da1e6ff9824b1586dad70b13064f) (TextureImporter) -> (artifact id: '690bcd16af8e792aef56e81aeaafc62b') in 0.002825 seconds
Start importing Assets/NoSafeCircle/DoorPrototype/Art/Wizard/Source/PixelLab128/masculine-light/selected/walk/north-east/frame_005.png using Guid(1bd50669af468361f1e16fa940d85d7a) (TextureImporter) -> (artifact id: 'a9c353293b98714814d1caec51386bcd') in 0.0026009 seconds
Start importing Assets/NoSafeCircle/DoorPrototype/Art/Wizard/Source/PixelLab128/feminine-light/selected/walk/east/frame_003.png using Guid(1b6c3d3c60769d92b11f3f1fb3585586) (TextureImporter) -> (artifact id: 'a0cd97502965ca9b99eb9531dc783ed7') in 0.0028226 seconds
Start importing Assets/NoSafeCircle/DoorPrototype/Art/Wizard/Source/PixelLab128/masculine-dark/selected/walk/south-west/frame_005.png using Guid(3b7d4c65fe20ea206b63ee417642c4d4) (TextureImporter) -> (artifact id: '2fc0f2227e39ed3ba7ffc160a3fc88dd') in 0.0024388 seconds
Start importing Assets/NoSafeCircle/DoorPrototype/Art/Wizard/Source/PixelLab128/masculine-light/selected/walk/north-west/frame_001.png using Guid(4b3a24c00d63a4ec864b4c11d8cd10a4) (TextureImporter) -> (artifact id: 'c20393a96ec2f06454cf69012568fc12') in 0.0023171 seconds
Start importing Assets/NoSafeCircle/DoorPrototype/Art/Wizard/Source/PixelLab128/feminine-light/selected/walk/west/frame_003.png using Guid(8b533ac876eafe0564e04832d1159dcd) (TextureImporter) -> (artifact id: '5fdcc98cd6eacaef060c4b8c2dfe0481') in 0.0025326 seconds
Start importing Assets/NoSafeCircle/DoorPrototype/Art/Wizard/Source/PixelLab128/feminine-dark/selected/walk/south-west/frame_004.png using Guid(9b36ead690c6b158da3ecc58249b69c1) (TextureImporter) -> (artifact id: '24447ebf25069de76d22170025ba7131') in 0.0025601 seconds
Start importing Assets/NoSafeCircle/DoorPrototype/Art/Wizard/Source/PixelLab128/masculine-light/selected/walk/east/frame_005.png using Guid(cb82f9c5354cd6d45c22cc7dfc3779ef) (TextureImporter) -> (artifact id: '1617a6fb58205a4b4b4d35f3ef3db987') in 0.0025985 seconds
Start importing Assets/NoSafeCircle/DoorPrototype/Art/Wizard/Source/PixelLab128/masculine-light/selected/walk/south-east/frame_000.png using Guid(0cbdd597a22cfe2a3a03cf1071168e50) (TextureImporter) -> (artifact id: '6f8f13b15912c0a7836ee7b361c8ae1f') in 0.0027843 seconds
Start importing Assets/NoSafeCircle/DoorPrototype/Art/Wizard/Source/PixelLab128/feminine-light/selected/walk/north-west/frame_004.png using Guid(2c4038e7066e7124c73dd423954e4254) (TextureImporter) -> (artifact id: 'c483b9db4e8914b8b7c602622c28337d') in 0.0028837 seconds
Start importing Assets/NoSafeCircle/DoorPrototype/Art/Wizard/Source/PixelLab128/masculine-light/selected/walk/north-east/frame_001.png using Guid(6ca9e5cf5f27bbadfbcf1147d3173470) (TextureImporter) -> (artifact id: 'c7bbaecf429d089cbebd3989854808b7') in 0.0028038 seconds
Start importing Assets/NoSafeCircle/DoorPrototype/Art/Wizard/Source/PixelLab128/feminine-light/selected/walk/south/frame_005.png using Guid(6c4dac0978d28f8794494008cdcfab4c) (TextureImporter) -> (artifact id: '0f760a609c38f75767e836d90c5a7394') in 0.0031801 seconds
Start importing Assets/NoSafeCircle/DoorPrototype/Art/Wizard/Source/PixelLab128/feminine-dark/selected/walk/east/frame_001.png using Guid(8c0bcd33f25f8996ef7591c2935217d2) (TextureImporter) -> (artifact id: '5202fdf3ac25f1c28438198c464d5a63') in 0.0073162 seconds
Start importing Assets/NoSafeCircle/DoorPrototype/Art/Wizard/Source/PixelLab128/feminine-dark/selected/walk/south/frame_001.png using Guid(bc518d530cc4cc07206c4011ce58287d) (TextureImporter) -> (artifact id: '9c8e053ca05c7f9d39da16f7ca513437') in 0.0032409 seconds
Start importing Assets/NoSafeCircle/DoorPrototype/Art/Wizard/Source/PixelLab128/feminine-dark/selected/walk/south/frame_005.png using Guid(bc239217fcd40e881ab17aac539c8b2f) (TextureImporter) -> (artifact id: 'a7a27d2c83f20be0d099b275694a0a2e') in 0.0036091 seconds
Start importing Assets/NoSafeCircle/DoorPrototype/Art/Wizard/Source/PixelLab128/masculine-light/selected/walk/west/frame_003.png using Guid(bcd4996b3ae50a7ba168cfef1c98d117) (TextureImporter) -> (artifact id: 'a2e60157659cc51e4ca1879f39fc7f7d') in 0.003007 seconds
Start importing Assets/NoSafeCircle/DoorPrototype/Art/Wizard/Source/PixelLab128/masculine-dark/selected/walk/west/frame_000.png using Guid(bcff7eab2ac8e507c43b4639d51f6b83) (TextureImporter) -> (artifact id: 'bb30f7c2289c30a523765735bd80717c') in 0.0035431 seconds
Start importing Assets/NoSafeCircle/DoorPrototype/Art/Wizard/Source/PixelLab128/feminine-light/selected/walk/north-east/frame_004.png using Guid(fc364f0da5222c406c58baaf215bcb32) (TextureImporter) -> (artifact id: 'eb6ba3cc44e09034c1b7f9d2b9f4b829') in 0.0032411 seconds
Start importing Assets/NoSafeCircle/DoorPrototype/Art/Wizard/Source/PixelLab128/feminine-light/selected/walk/north-east/frame_001.png using Guid(0d2c18460059dafcbd11b1b3023fa893) (TextureImporter) -> (artifact id: 'ea782767bf506476ebe4363e1d732f8e') in 0.0034497 seconds
Start importing Assets/NoSafeCircle/DoorPrototype/Art/Wizard/Source/PixelLab128/masculine-dark/selected/walk/west/frame_005.png using Guid(1d41b3d8a54d98c2ccf774330619ea4d) (TextureImporter) -> (artifact id: '2202acecf0d3f061fda1c2cfa472dde2') in 0.002958 seconds
Start importing Assets/NoSafeCircle/DoorPrototype/Art/Wizard/Source/PixelLab128/masculine-light/selected/walk/north-east/frame_002.png using Guid(4dd3b5ab717e5e03a20a59b806308c6b) (TextureImporter) -> (artifact id: '723f21afd0144681e4ecf71cda866058') in 0.0048284 seconds
Start importing Assets/NoSafeCircle/DoorPrototype/Art/Wizard/Source/PixelLab128/masculine-dark/selected/walk/east/frame_001.png using Guid(4d6ddaaed73e9eab8dad485791426c7a) (TextureImporter) -> (artifact id: '4a2fee233174ad528cb0e5f888fc1109') in 0.0027494 seconds
Start importing Assets/NoSafeCircle/DoorPrototype/Art/Wizard/Source/PixelLab128/feminine-dark/selected/walk/north-west/frame_005.png using Guid(8dad4cc0bf5a9073910733b49ced1a1f) (TextureImporter) -> (artifact id: '4e6618fd2ffa7110546c5f3554c94408') in 0.0028712 seconds
Start importing Assets/NoSafeCircle/DoorPrototype/Art/Wizard/Source/PixelLab128/feminine-light/selected/walk/south-west/frame_002.png using Guid(9d104f41d308b2194d7b3b5d44d559e7) (TextureImporter) -> (artifact id: 'a573774d0c72ba044326726d1988d96a') in 0.0027505 seconds
Start importing Assets/NoSafeCircle/DoorPrototype/Art/Wizard/Source/PixelLab128/feminine-dark/selected/walk/south-west/frame_005.png using Guid(bd62717608fed0926b58d68ad5646a17) (TextureImporter) -> (artifact id: 'c2bce83ba6fed8abff92c204cab71fb3') in 0.0037717 seconds
Start importing Assets/NoSafeCircle/DoorPrototype/Art/Wizard/Source/PixelLab128/feminine-light/selected/walk/north-west/frame_002.png using Guid(bd6cdc689cc8da50b7ba06f8a1b4e202) (TextureImporter) -> (artifact id: '2edb0e2b9f7eb7c76ec347ec7a527680') in 0.0037729 seconds
Start importing Assets/NoSafeCircle/DoorPrototype/Art/Wizard/Source/PixelLab128/feminine-light/selected/walk/west/frame_000.png using Guid(dde2c9389f06a021031c4e693c6f20b3) (TextureImporter) -> (artifact id: '38a6caf15a63b8f4770b5b051d098de1') in 0.0032776 seconds
Start importing Assets/NoSafeCircle/DoorPrototype/Art/Wizard/Source/PixelLab128/feminine-light/selected/walk/north/frame_005.png using Guid(ed7c1809715724cdc20135e3e668f23d) (TextureImporter) -> (artifact id: '89bd99515e4d074942a1c7d2e3df7ca8') in 0.0030245 seconds
Start importing Assets/NoSafeCircle/DoorPrototype/Art/Wizard/Source/PixelLab128/feminine-dark/selected/walk/north-east/frame_002.png using Guid(fdcf7956b45ef23a0354cb3c0794aa22) (TextureImporter) -> (artifact id: '73fad34107c0a2a8d53ca75b91d44f1a') in 0.0031304 seconds
Start importing Assets/NoSafeCircle/DoorPrototype/Art/Wizard/Source/PixelLab128/feminine-light/selected/walk/south-east/frame_000.png using Guid(1e7bed0c49f407275f630889e2d2bbb0) (TextureImporter) -> (artifact id: '96c19760baf48e97c9910997045427e3') in 0.0033002 seconds
Start importing Assets/NoSafeCircle/DoorPrototype/Art/Wizard/Source/PixelLab128/masculine-light/selected/walk/east/frame_001.png using Guid(3e40021c5ef41539ab7399d3ecc7c74d) (TextureImporter) -> (artifact id: 'e8d9118c990f9fd1b9ff37e721da5c40') in 0.0030518 seconds
Start importing Assets/NoSafeCircle/DoorPrototype/Art/Wizard/Source/PixelLab128/feminine-light/selected/walk/north-east/frame_002.png using Guid(aee66244e62ff51ebf6cb869bbb62934) (TextureImporter) -> (artifact id: '8ecc93667e12957cf350355dd2c94cf0') in 0.0029869 seconds
Start importing Assets/NoSafeCircle/DoorPrototype/Art/Wizard/Source/PixelLab128/feminine-dark/selected/walk/east/frame_005.png using Guid(ce537dca91d71212b88d2d51f046ff0b) (TextureImporter) -> (artifact id: '41ffde05c2a6aa4a3e34ba54579de0f4') in 0.0029423 seconds
Start importing Assets/NoSafeCircle/DoorPrototype/Art/Wizard/Source/PixelLab128/masculine-dark/selected/walk/north-east/frame_004.png using Guid(cea8dc9e23e5985b240afccc9b1a140d) (TextureImporter) -> (artifact id: '76bc18f826b307c38bf4787e95ea433e') in 0.0034358 seconds
Start importing Assets/NoSafeCircle/DoorPrototype/Art/Wizard/Source/PixelLab128/masculine-dark/selected/walk/north/frame_001.png using Guid(dec4aa06b0292e5225d3e32ee0394c29) (TextureImporter) -> (artifact id: '05cd95c648d1afc4d3c33fbffd0c93dd') in 0.0029181 seconds
Start importing Assets/NoSafeCircle/DoorPrototype/Art/Wizard/Source/PixelLab128/feminine-dark/selected/walk/south/frame_003.png using Guid(0f23aeea1e4744e7cb3249de8bccc536) (TextureImporter) -> (artifact id: '4780762c6137faf84c5fe043a7db179f') in 0.0033129 seconds
Start importing Assets/NoSafeCircle/DoorPrototype/Art/Wizard/Source/PixelLab128/masculine-dark/selected/walk/north-east/frame_001.png using Guid(1fab594493b3bef8a41cd0a67ddca53f) (TextureImporter) -> (artifact id: '429ab08a0792d28a1aa38612413b4076') in 0.0033962 seconds
Start importing Assets/NoSafeCircle/DoorPrototype/Art/Wizard/Source/PixelLab128/masculine-light/selected/walk/south-east/frame_002.png using Guid(6f96aef8157709e59e94befafb3c774d) (TextureImporter) -> (artifact id: '3595e2e91d7f1a43c05e0cbc5f2db303') in 0.004728 seconds
Start importing Assets/NoSafeCircle/DoorPrototype/Art/Wizard/Source/PixelLab128/feminine-light/selected/walk/south/frame_000.png using Guid(afc6f4e7f67b883b07029d64adbfb6cc) (TextureImporter) -> (artifact id: '861eb0332b1a666bde79ef80daf84f7b') in 0.0035444 seconds
Start importing Assets/NoSafeCircle/DoorPrototype/Art/Wizard/Source/PixelLab128/source-inventory.json using Guid(2802ff8218a454240a9ccb6488910a29) (TextScriptImporter) -> (artifact id: 'c3f30756943f9c59b716dfc7174f45c5') in 0.004105 seconds
Refreshing native plugins compatible for Editor in 3.01 ms, found 4 plugins.
Preloading 0 native plugins for Editor in 0.00 ms.
Asset Pipeline Refresh (id=652c150089b7918429b69d068c247ef1): Total: 8.018 seconds - Initiated by InitialRefreshV2(ForceSynchronousImport)
	Summary:
		Imports: total=134 (actual=134, local cache=0, cache server=0)
		Asset DB Process Time: managed=21 ms, native=5447 ms
		Asset DB Callback time: managed=240 ms, native=11 ms
		Scripting: domain reloads=1, domain reload time=945 ms, compile time=1268 ms, other=83 ms
		Project Asset Count: scripts=1052, non-scripts=1886
		Asset File Changes: new=0, changed=134, moved=0, deleted=0
		Scan Filter Count: 0
	InvokeCustomDependenciesCallbacks: 0.001ms
	InvokePackagesCallback: 1.556ms
	ApplyChangesToAssetFolders: 0.431ms
	Scan: 441.900ms
	OnSourceAssetsModified: 1.359ms
	CategorizeAssetsWithTransientArtifact: 63.886ms
	ProcessAssetsWithTransientArtifactChanges: 49.910ms
	CategorizeAssets: 31.343ms
	ImportOutOfDateAssets: 4645.595ms (2918.946ms without children)
		ImportManagerImport: 456.900ms (8.974ms without children)
			ImportInProcess: 446.950ms
			UpdateCategorizedAssets: 0.976ms
		CompileScripts: 1268.491ms
		ReloadNativeAssets: 0.001ms
		UnloadImportedAssets: 0.160ms
		ReloadImportedAssets: 0.007ms
		EnsureUptoDateAssetsAreRegisteredWithGuidPM: 0.365ms
		InitializingProgressBar: 0.007ms
		PostProcessAllAssetNotificationsAddChangedAssets: 0.001ms
		OnDemandSchedulerStart: 0.719ms
	PostProcessAllAssets: 242.823ms
	Hotreload: 7.527ms
	GatherAllCurrentPrimaryArtifactRevisions: 0.001ms
	UnloadStreamsBegin: 0.313ms
	PersistCurrentRevisions: 0.569ms
	UnloadStreamsEnd: 0.001ms
	GenerateScriptTypeHashes: 1.262ms
	Untracked: 2530.369ms

Application.AssetDatabase Initial Refresh End
Launched and connected shader compiler UnityShaderCompiler.exe after 0.02 seconds
Scanning for USB devices : 3.273ms
Initializing Unity extensions:
[MODES] ModeService[none].Initialize
[MODES] ModeService[none].LoadModes
[MODES] Loading mode Default (0) for mode-current-id-NoSafeCircle
Unloading 3 Unused Serialized files (Serialized files now loaded: 0)
Unloading 5041 unused Assets / (1.9 MB). Loaded Objects now: 5544.
Memory consumption went from 141.4 MB to 139.5 MB.
Total: 7.037700 ms (FindLiveObjects: 0.447900 ms CreateObjectMapping: 0.239400 ms MarkObjects: 5.089200 ms  DeleteObjects: 1.260300 ms)

[Project] Loading completed in 14.911 seconds
	Project init time: 				12.665 seconds
		Template init time: 		0.000 seconds
		Package Manager init time: 		0.400 seconds
		Asset Database init time: 		0.797 seconds
		Global illumination init time: 	0.008 seconds
		Assemblies load time: 			0.793 seconds
		Unity extensions init time: 	0.006 seconds
		Asset Database refresh time: 	8.018 seconds
	Scene opening time: 			1.020 seconds
##utp:{"type":"ProjectInfo","version":2,"phase":"Immediate","time":1789730373429,"processId":36364,"projectLoad":14.9108235,"projectInit":12.6648342,"templateInit":0.0,"packageManagerInit":0.4001269,"assetDatabaseInit":0.7973021,"globalIlluminationInit":0.0077317,"assembliesLoad":0.7929587,"unityExtensionsInit":0.0060275,"assetDatabaseRefresh":8.0177377,"sceneOpening":1.0198706}
##utp:{"type":"EditorInfo","version":2,"phase":"Immediate","time":1789730373429,"processId":36364,"editorVersion":"6000.1.8f1 (2a5b1522e5ab)","branch":"6000.1/staging","buildType":"Release","platform":"Windows"}
Asset Pipeline Refresh (id=73a4b20ca93ab484cbf59522da9a786f): Total: 0.030 seconds - Initiated by RefreshV2(NoUpdateAssetOptions)
Running tests for ExecutionSettings with details:
targetPlatform =
playerHeartbeatTimeout = 600
filters[0] =
   Filter with settings:
   testMode = EditMode
   targetPlatform =
   testNames = null
   groupNames = NoSafeCircle.DoorPrototype.Tests.Editor.NavMeshAgentConfigurationTests
   categoryNames = null
   assemblyNames = null
ignoreTests = {}
featureFlags = null

UnityEngine.Debug:ExtractStackTraceNoAlloc (byte*,int,string)
UnityEngine.StackTraceUtility:ExtractStackTrace ()
UnityEngine.DebugLogHandler:Internal_Log (UnityEngine.LogType,UnityEngine.LogOption,string,UnityEngine.Object)
UnityEngine.DebugLogHandler:LogFormat (UnityEngine.LogType,UnityEngine.Object,string,object[])
UnityEngine.Logger:Log (UnityEngine.LogType,object)
UnityEngine.Debug:Log (object)
UnityEditor.TestTools.TestRunner.CommandLineTest.Executer:InitializeAndExecuteRun (string[]) (at ./Library/PackageCache/com.unity.test-framework@7056e7f856e9/UnityEditor.TestRunner/CommandLineTest/Executer.cs:53)
UnityEditor.TestTools.TestRunner.CommandLineTest.TestStarter:InitializeAndExecuteRun () (at ./Library/PackageCache/com.unity.test-framework@7056e7f856e9/UnityEditor.TestRunner/CommandLineTest/TestStarter.cs:64)
UnityEditor.EditorApplication:Internal_CallUpdateFunctions ()

(Filename: ./Library/PackageCache/com.unity.test-framework@7056e7f856e9/UnityEditor.TestRunner/CommandLineTest/Executer.cs Line: 53)

[UnityConnectServicesConfig] config is NOT valid, switching to default
Created GICache directory at C:/Users/VincentLiguori/AppData/LocalLow/Unity/Caches/GiCache. Took: 0.023s, timestamps: [14.920 - 14.942]
Unloading 0 Unused Serialized files (Serialized files now loaded: 0)
Unloading 2 unused Assets / (1.3 KB). Loaded Objects now: 5588.
Memory consumption went from 122.6 MB to 122.6 MB.
Total: 6.105800 ms (FindLiveObjects: 0.198100 ms CreateObjectMapping: 0.074700 ms MarkObjects: 5.798800 ms  DeleteObjects: 0.033100 ms)

Executing IPrebuildSetup for: Unity.PerformanceTesting.Editor.TestRunBuilder.
UnityEngine.Debug:ExtractStackTraceNoAlloc (byte*,int,string)
UnityEngine.StackTraceUtility:ExtractStackTrace ()
UnityEngine.DebugLogHandler:Internal_Log (UnityEngine.LogType,UnityEngine.LogOption,string,UnityEngine.Object)
UnityEngine.DebugLogHandler:LogFormat (UnityEngine.LogType,UnityEngine.Object,string,object[])
UnityEngine.Logger:Log (UnityEngine.LogType,object)
UnityEngine.Debug:Log (object)
UnityEditor.TestTools.TestRunner.TestRun.Tasks.BuildActionTaskBase`1/<ExecuteMethods>d__8<UnityEngine.TestTools.IPrebuildSetup>:MoveNext () (at ./Library/PackageCache/com.unity.test-framework@7056e7f856e9/UnityEditor.TestRunner/TestRun/Tasks/BuildActionTaskBase.cs:51)
UnityEditor.TestTools.TestRunner.TestRun.Tasks.BuildActionTaskBase`1/<Execute>d__7<UnityEngine.TestTools.IPrebuildSetup>:MoveNext () (at ./Library/PackageCache/com.unity.test-framework@7056e7f856e9/UnityEditor.TestRunner/TestRun/Tasks/BuildActionTaskBase.cs:35)
UnityEditor.TestTools.TestRunner.TestRun.TestJobRunner:ExecuteStep () (at ./Library/PackageCache/com.unity.test-framework@7056e7f856e9/UnityEditor.TestRunner/TestRun/TestJobRunner.cs:173)
UnityEditor.TestTools.TestRunner.TestRun.TestJobRunner:ExecuteCallback () (at ./Library/PackageCache/com.unity.test-framework@7056e7f856e9/UnityEditor.TestRunner/TestRun/TestJobRunner.cs:108)
UnityEditor.EditorApplication:Internal_CallUpdateFunctions ()

(Filename: ./Library/PackageCache/com.unity.test-framework@7056e7f856e9/UnityEditor.TestRunner/TestRun/Tasks/BuildActionTaskBase.cs Line: 51)

Unloading 0 Unused Serialized files (Serialized files now loaded: 0)
Unloading 0 unused Assets / (0 B). Loaded Objects now: 5583.
Memory consumption went from 122.5 MB to 122.5 MB.
Total: 5.527400 ms (FindLiveObjects: 0.184800 ms CreateObjectMapping: 0.069400 ms MarkObjects: 5.266600 ms  DeleteObjects: 0.006100 ms)

Opening scene 'Assets/Scenes/DoorPrototype.unity'
Unloading 6 Unused Serialized files (Serialized files now loaded: 0)
Loaded scene 'Assets/Scenes/DoorPrototype.unity'
	Deserialize:            31.843 ms
	Integration:            375.555 ms
	Integration of assets:  0.455 ms
	Thread Wait Time:       0.014 ms
	Total Operation Time:   407.867 ms
Unloading 1 unused Assets / (0.5 KB). Loaded Objects now: 7097.
Memory consumption went from 129.5 MB to 129.5 MB.
Total: 6.554400 ms (FindLiveObjects: 0.339800 ms CreateObjectMapping: 0.103300 ms MarkObjects: 6.075000 ms  DeleteObjects: 0.035400 ms)

Unloading the last loaded scene Assets/Scenes/DoorPrototype.unity(build index: 0), is not supported. Please use SceneManager.LoadScene()/EditorSceneManager.OpenScene() to switch to another scene.
UnityEngine.Debug:ExtractStackTraceNoAlloc (byte*,int,string)
UnityEngine.StackTraceUtility:ExtractStackTrace ()
UnityEditor.SceneManagement.EditorSceneManager:CloseScene (UnityEngine.SceneManagement.Scene,bool)
NoSafeCircle.DoorPrototype.Tests.Editor.NavMeshAgentConfigurationTests:CommittedScene_HasSingleGameplayNavigationOwner_AndComposedFloorSupportsCompletePath () (at Assets/NoSafeCircle/DoorPrototype/Tests/Editor/NavMeshAgentConfigurationTests.cs:167)
System.Reflection.RuntimeMethodInfo:Invoke (object,System.Reflection.BindingFlags,System.Reflection.Binder,object[],System.Globalization.CultureInfo)
System.Reflection.MethodBase:Invoke (object,object[])
NUnit.Framework.Internal.Reflect:InvokeMethod (System.Reflection.MethodInfo,object,object[])
NUnit.Framework.Internal.MethodWrapper:Invoke (object,object[])
NUnit.Framework.Internal.Commands.TestMethodCommand:RunNonAsyncTestMethod (NUnit.Framework.Internal.ITestExecutionContext)
NUnit.Framework.Internal.Commands.TestMethodCommand:RunTestMethod (NUnit.Framework.Internal.ITestExecutionContext)
NUnit.Framework.Internal.Commands.TestMethodCommand:Execute (NUnit.Framework.Internal.ITestExecutionContext)
UnityEngine.TestTools.UnityTestMethodCommand:Execute (NUnit.Framework.Internal.ITestExecutionContext) (at ./Library/PackageCache/com.unity.test-framework@7056e7f856e9/UnityEngine.TestRunner/NUnitExtensions/Commands/UnityTestMethodCommand.cs:19)
UnityEngine.TestRunner.NUnitExtensions.Runner.UnityLogCheckDelegatingCommand/<>c__DisplayClass2_0:<Execute>b__0 () (at ./Library/PackageCache/com.unity.test-framework@7056e7f856e9/UnityEngine.TestRunner/NUnitExtensions/Runner/UnityLogCheckDelegatingCommand.cs:24)
UnityEngine.TestRunner.NUnitExtensions.Runner.UnityLogCheckDelegatingCommand:CaptureException (NUnit.Framework.Internal.TestResult,System.Action) (at ./Library/PackageCache/com.unity.test-framework@7056e7f856e9/UnityEngine.TestRunner/NUnitExtensions/Runner/UnityLogCheckDelegatingCommand.cs:72)
UnityEngine.TestRunner.NUnitExtensions.Runner.UnityLogCheckDelegatingCommand:ExecuteAndCheckLog (UnityEngine.TestTools.Logging.LogScope,NUnit.Framework.Internal.TestResult,System.Action) (at ./Library/PackageCache/com.unity.test-framework@7056e7f856e9/UnityEngine.TestRunner/NUnitExtensions/Runner/UnityLogCheckDelegatingCommand.cs:83)
UnityEngine.TestRunner.NUnitExtensions.Runner.UnityLogCheckDelegatingCommand:Execute (NUnit.Framework.Internal.ITestExecutionContext) (at ./Library/PackageCache/com.unity.test-framework@7056e7f856e9/UnityEngine.TestRunner/NUnitExtensions/Runner/UnityLogCheckDelegatingCommand.cs:24)
UnityEngine.TestRunner.NUnitExtensions.Runner.UnityLogCheckDelegatingCommand/<ExecuteEnumerable>d__3:MoveNext () (at ./Library/PackageCache/com.unity.test-framework@7056e7f856e9/UnityEngine.TestRunner/NUnitExtensions/Runner/UnityLogCheckDelegatingCommand.cs:35)
UnityEngine.TestTools.BeforeAfterTestCommandBase`1/<ExecuteEnumerable>d__16<NUnit.Framework.ITestAction>:MoveNext () (at ./Library/PackageCache/com.unity.test-framework@7056e7f856e9/UnityEngine.TestRunner/NUnitExtensions/Commands/BeforeAfterTestCommandBase.cs:212)
UnityEngine.TestTools.ImmediateEnumerableCommand:Execute (NUnit.Framework.Internal.ITestExecutionContext) (at ./Library/PackageCache/com.unity.test-framework@7056e7f856e9/UnityEngine.TestRunner/NUnitExtensions/Commands/ImmediateEnumerableCommand.cs:18)
UnityEngine.TestTools.BeforeAfterTestCommandBase`1/<ExecuteEnumerable>d__16<System.Reflection.MethodInfo>:MoveNext () (at ./Library/PackageCache/com.unity.test-framework@7056e7f856e9/UnityEngine.TestRunner/NUnitExtensions/Commands/BeforeAfterTestCommandBase.cs:219)
UnityEngine.TestTools.BeforeAfterTestCommandBase`1/<ExecuteEnumerable>d__16<System.Reflection.MethodInfo>:MoveNext () (at ./Library/PackageCache/com.unity.test-framework@7056e7f856e9/UnityEngine.TestRunner/NUnitExtensions/Commands/BeforeAfterTestCommandBase.cs:212)
UnityEngine.TestTools.BeforeAfterTestCommandBase`1/<ExecuteEnumerable>d__16<UnityEngine.TestTools.IOuterUnityTestAction>:MoveNext () (at ./Library/PackageCache/com.unity.test-framework@7056e7f856e9/UnityEngine.TestRunner/NUnitExtensions/Commands/BeforeAfterTestCommandBase.cs:212)
UnityEngine.TestTools.RetryCommand/<ExecuteEnumerable>d__2:MoveNext () (at ./Library/PackageCache/com.unity.test-framework@7056e7f856e9/UnityEngine.TestRunner/NUnitExtensions/Commands/RetryCommand.cs:37)
UnityEngine.TestTools.RepeatCommand/<ExecuteEnumerable>d__2:MoveNext () (at ./Library/PackageCache/com.unity.test-framework@7056e7f856e9/UnityEngine.TestRunner/NUnitExtensions/Commands/RepeatCommand.cs:36)
UnityEngine.TestTools.IgnoreTestCommand/<ExecuteEnumerable>d__3:MoveNext () (at ./Library/PackageCache/com.unity.test-framework@7056e7f856e9/UnityEngine.TestRunner/NUnitExtensions/Commands/IgnoreTestCommand.cs:42)
UnityEngine.TestTools.StrictCheckCommand/<ExecuteEnumerable>d__2:MoveNext () (at ./Library/PackageCache/com.unity.test-framework@7056e7f856e9/UnityEngine.TestRunner/NUnitExtensions/Commands/StrictCheckCommand.cs:29)
UnityEngine.TestRunner.NUnitExtensions.Runner.DefaultTestWorkItem/<PerformWork>d__2:MoveNext () (at ./Library/PackageCache/com.unity.test-framework@7056e7f856e9/UnityEngine.TestRunner/NUnitExtensions/Runner/DefaultTestWorkItem.cs:50)
UnityEngine.TestRunner.NUnitExtensions.Runner.CompositeWorkItem/<RunChildren>d__17:MoveNext () (at ./Library/PackageCache/com.unity.test-framework@7056e7f856e9/UnityEngine.TestRunner/NUnitExtensions/Runner/CompositeWorkItem.cs:207)
UnityEngine.TestRunner.NUnitExtensions.Runner.CompositeWorkItem/<PerformWork>d__13:MoveNext () (at ./Library/PackageCache/com.unity.test-framework@7056e7f856e9/UnityEngine.TestRunner/NUnitExtensions/Runner/CompositeWorkItem.cs:82)
UnityEngine.TestRunner.NUnitExtensions.Runner.CompositeWorkItem/<RunChildren>d__17:MoveNext () (at ./Library/PackageCache/com.unity.test-framework@7056e7f856e9/UnityEngine.TestRunner/NUnitExtensions/Runner/CompositeWorkItem.cs:207)
UnityEngine.TestRunner.NUnitExtensions.Runner.CompositeWorkItem/<PerformWork>d__13:MoveNext () (at ./Library/PackageCache/com.unity.test-framework@7056e7f856e9/UnityEngine.TestRunner/NUnitExtensions/Runner/CompositeWorkItem.cs:82)
UnityEngine.TestRunner.NUnitExtensions.Runner.CompositeWorkItem/<RunChildren>d__17:MoveNext () (at ./Library/PackageCache/com.unity.test-framework@7056e7f856e9/UnityEngine.TestRunner/NUnitExtensions/Runner/CompositeWorkItem.cs:207)
UnityEngine.TestRunner.NUnitExtensions.Runner.CompositeWorkItem/<PerformWork>d__13:MoveNext () (at ./Library/PackageCache/com.unity.test-framework@7056e7f856e9/UnityEngine.TestRunner/NUnitExtensions/Runner/CompositeWorkItem.cs:82)
UnityEngine.TestRunner.NUnitExtensions.Runner.CompositeWorkItem/<RunChildren>d__17:MoveNext () (at ./Library/PackageCache/com.unity.test-framework@7056e7f856e9/UnityEngine.TestRunner/NUnitExtensions/Runner/CompositeWorkItem.cs:207)
UnityEngine.TestRunner.NUnitExtensions.Runner.CompositeWorkItem/<PerformWork>d__13:MoveNext () (at ./Library/PackageCache/com.unity.test-framework@7056e7f856e9/UnityEngine.TestRunner/NUnitExtensions/Runner/CompositeWorkItem.cs:82)
UnityEngine.TestRunner.NUnitExtensions.Runner.CompositeWorkItem/<RunChildren>d__17:MoveNext () (at ./Library/PackageCache/com.unity.test-framework@7056e7f856e9/UnityEngine.TestRunner/NUnitExtensions/Runner/CompositeWorkItem.cs:207)
UnityEngine.TestRunner.NUnitExtensions.Runner.CompositeWorkItem/<PerformWork>d__13:MoveNext () (at ./Library/PackageCache/com.unity.test-framework@7056e7f856e9/UnityEngine.TestRunner/NUnitExtensions/Runner/CompositeWorkItem.cs:82)
UnityEngine.TestRunner.NUnitExtensions.Runner.CompositeWorkItem/<RunChildren>d__17:MoveNext () (at ./Library/PackageCache/com.unity.test-framework@7056e7f856e9/UnityEngine.TestRunner/NUnitExtensions/Runner/CompositeWorkItem.cs:207)
UnityEngine.TestRunner.NUnitExtensions.Runner.CompositeWorkItem/<PerformWork>d__13:MoveNext () (at ./Library/PackageCache/com.unity.test-framework@7056e7f856e9/UnityEngine.TestRunner/NUnitExtensions/Runner/CompositeWorkItem.cs:82)
UnityEngine.TestRunner.NUnitExtensions.Runner.CompositeWorkItem/<RunChildren>d__17:MoveNext () (at ./Library/PackageCache/com.unity.test-framework@7056e7f856e9/UnityEngine.TestRunner/NUnitExtensions/Runner/CompositeWorkItem.cs:207)
UnityEngine.TestRunner.NUnitExtensions.Runner.CompositeWorkItem/<PerformWork>d__13:MoveNext () (at ./Library/PackageCache/com.unity.test-framework@7056e7f856e9/UnityEngine.TestRunner/NUnitExtensions/Runner/CompositeWorkItem.cs:82)
UnityEditor.TestTools.TestRunner.EditModeRunner:MoveNextAndUpdateYieldObject () (at ./Library/PackageCache/com.unity.test-framework@7056e7f856e9/UnityEditor.TestRunner/TestRunner/EditModeRunner.cs:167)
UnityEditor.TestTools.TestRunner.EditModeRunner:TestConsumer (UnityEditor.TestTools.TestRunner.TestRunnerStateSerializer) (at ./Library/PackageCache/com.unity.test-framework@7056e7f856e9/UnityEditor.TestRunner/TestRunner/EditModeRunner.cs:200)
UnityEditor.TestTools.TestRunner.TestRun.Tasks.EditModeRunTask/<Execute>d__1:MoveNext () (at ./Library/PackageCache/com.unity.test-framework@7056e7f856e9/UnityEditor.TestRunner/TestRun/Tasks/EditModeRunTask.cs:48)
UnityEditor.TestTools.TestRunner.TestRun.TestJobRunner:ExecuteStep () (at ./Library/PackageCache/com.unity.test-framework@7056e7f856e9/UnityEditor.TestRunner/TestRun/TestJobRunner.cs:173)
UnityEditor.TestTools.TestRunner.TestRun.TestJobRunner:ExecuteCallback () (at ./Library/PackageCache/com.unity.test-framework@7056e7f856e9/UnityEditor.TestRunner/TestRun/TestJobRunner.cs:108)
UnityEditor.EditorApplication:Internal_CallUpdateFunctions ()

[./Library/PackageCache/com.unity.test-framework@7056e7f856e9/UnityEditor.TestRunner/TestRunner/EditModeRunner.cs line 167]

Unloading 110 Unused Serialized files (Serialized files now loaded: 0)
Unloading 234 unused Assets / (168.7 KB). Loaded Objects now: 5587.
Memory consumption went from 128.2 MB to 128.1 MB.
Total: 6.603500 ms (FindLiveObjects: 0.440900 ms CreateObjectMapping: 0.238000 ms MarkObjects: 5.583800 ms  DeleteObjects: 0.340000 ms)

Unloading 0 Unused Serialized files (Serialized files now loaded: 0)
Unloading 0 unused Assets / (0 B). Loaded Objects now: 5587.
Memory consumption went from 128.0 MB to 128.0 MB.
Total: 5.773100 ms (FindLiveObjects: 0.218400 ms CreateObjectMapping: 0.076200 ms MarkObjects: 5.468600 ms  DeleteObjects: 0.009100 ms)

Unloading 1 Unused Serialized files (Serialized files now loaded: 0)
Unloading 1 unused Assets / (3.0 KB). Loaded Objects now: 5587.
Memory consumption went from 125.0 MB to 125.0 MB.
Total: 5.882000 ms (FindLiveObjects: 0.196800 ms CreateObjectMapping: 0.074900 ms MarkObjects: 5.589900 ms  DeleteObjects: 0.019700 ms)

Saving results to: C:/Users/VincentLiguori/AppData/LocalLow/DefaultCompany/NoSafeCircle\TestResults.xml
Saving results to: C:\Users\VincentLiguori\AppData\Local\Temp\NoSafeCircle-UnityTests-ca7614b930c541d3b93282634b7bcfb0\test-results.xml
Executing IPostBuildCleanup for: Unity.PerformanceTesting.Editor.TestRunBuilder.
UnityEngine.Debug:ExtractStackTraceNoAlloc (byte*,int,string)
UnityEngine.StackTraceUtility:ExtractStackTrace ()
UnityEngine.DebugLogHandler:Internal_Log (UnityEngine.LogType,UnityEngine.LogOption,string,UnityEngine.Object)
UnityEngine.DebugLogHandler:LogFormat (UnityEngine.LogType,UnityEngine.Object,string,object[])
UnityEngine.Logger:Log (UnityEngine.LogType,object)
UnityEngine.Debug:Log (object)
UnityEditor.TestTools.TestRunner.TestRun.Tasks.BuildActionTaskBase`1/<ExecuteMethods>d__8<UnityEngine.TestTools.IPostBuildCleanup>:MoveNext () (at ./Library/PackageCache/com.unity.test-framework@7056e7f856e9/UnityEditor.TestRunner/TestRun/Tasks/BuildActionTaskBase.cs:51)
UnityEditor.TestTools.TestRunner.TestRun.Tasks.BuildActionTaskBase`1/<Execute>d__7<UnityEngine.TestTools.IPostBuildCleanup>:MoveNext () (at ./Library/PackageCache/com.unity.test-framework@7056e7f856e9/UnityEditor.TestRunner/TestRun/Tasks/BuildActionTaskBase.cs:35)
UnityEditor.TestTools.TestRunner.TestRun.TestJobRunner:ExecuteStep () (at ./Library/PackageCache/com.unity.test-framework@7056e7f856e9/UnityEditor.TestRunner/TestRun/TestJobRunner.cs:173)
UnityEditor.TestTools.TestRunner.TestRun.TestJobRunner:ExecuteCallback () (at ./Library/PackageCache/com.unity.test-framework@7056e7f856e9/UnityEditor.TestRunner/TestRun/TestJobRunner.cs:108)
UnityEditor.EditorApplication:Internal_CallUpdateFunctions ()

(Filename: ./Library/PackageCache/com.unity.test-framework@7056e7f856e9/UnityEditor.TestRunner/TestRun/Tasks/BuildActionTaskBase.cs Line: 51)

Asset Pipeline Refresh (id=6ceb90916cb592a41b798dbfdd1ede57): Total: 0.005 seconds - Initiated by RefreshV2(NoUpdateAssetOptions)
Unloading 0 Unused Serialized files (Serialized files now loaded: 0)
Unloading 1 unused Assets / (0.8 KB). Loaded Objects now: 5593.
Memory consumption went from 124.4 MB to 124.4 MB.
Total: 6.518600 ms (FindLiveObjects: 0.372300 ms CreateObjectMapping: 0.376100 ms MarkObjects: 5.744900 ms  DeleteObjects: 0.024400 ms)

DisplayProgressbar: Undo
Test run completed. Exiting with code 0 (Ok). Run completed.
UnityEngine.Debug:ExtractStackTraceNoAlloc (byte*,int,string)
UnityEngine.StackTraceUtility:ExtractStackTrace ()
UnityEngine.DebugLogHandler:Internal_Log (UnityEngine.LogType,UnityEngine.LogOption,string,UnityEngine.Object)
UnityEngine.DebugLogHandler:LogFormat (UnityEngine.LogType,UnityEngine.Object,string,object[])
UnityEngine.Logger:Log (UnityEngine.LogType,object)
UnityEngine.Debug:Log (object)
UnityEditor.TestTools.TestRunner.CommandLineTest.Executer:ExitApplication (UnityEditor.TestTools.TestRunner.CommandLineTest.Executer/ReturnCodes,string) (at ./Library/PackageCache/com.unity.test-framework@7056e7f856e9/UnityEditor.TestRunner/CommandLineTest/Executer.cs:81)
UnityEditor.TestTools.TestRunner.CommandLineTest.Executer:ExitIfRunIsCompleted () (at ./Library/PackageCache/com.unity.test-framework@7056e7f856e9/UnityEditor.TestRunner/CommandLineTest/Executer.cs:74)
UnityEditor.EditorApplication:Internal_CallUpdateFunctions ()

(Filename: ./Library/PackageCache/com.unity.test-framework@7056e7f856e9/UnityEditor.TestRunner/CommandLineTest/Executer.cs Line: 81)

[Physics::Module] Cleanup current backned.
[Physics::Module] Id: 0xf2b8ea05
Input System module state changed to: ShutdownInProgress.
Input System polling thread exited.
Input System module state changed to: Shutdown.
[Licensing::IpcConnector] LicenseClient-VincentLiguori-notifications channel disconnected successfully.
[Licensing::IpcConnector] LicenseClient-VincentLiguori channel disconnected successfully.
AcceleratorClientConnectionCallback - disconnected - :0
Cleanup mono
Checking for leaked weakptr:
  Found no leaked weakptrs.
[Package Manager] Server process was shutdown
##utp:{"type":"MemoryLeaks","version":2,"phase":"Immediate","time":1789730376612,"processId":36364,"allocatedMemory":14272781,"memoryLabels":[{"Default":14269},{"Permanent":15412},{"NewDelete":67953},{"Thread":4237960},{"Manager":30010},{"VertexData":8},{"Geometry":816},{"VFX":-104},{"Texture":296},{"Shader":78821},{"Material":24},{"GfxDevice":57248},{"Animation":328},{"Audio":4040},{"FontEngine":256},{"Physics":1241},{"Serialization":880},{"Input":14824},{"JobScheduler":35584},{"TextLib":160},{"Mono":32},{"ScriptingNativeRuntime":155060},{"BaseObject":1619952},{"Resource":1304},{"Renderer":2928},{"Transform":4646},{"File":3945},{"WebCam":616},{"Culling":32},{"Terrain":11394},{"Wind":24},{"STL":40},{"String":9678},{"DynamicArray":99535},{"HashMap":97365},{"Utility":2666358},{"Curl":48},{"PoolAlloc":1960},{"AI":40},{"TypeTree":5005},{"ScriptManager":512},{"RuntimeInitializeOnLoadManager":64},{"SpriteAtlas":112},{"GI":7824},{"Director":8240},{"WebRequest":808},{"VR":46058},{"SceneManager":496},{"Video":208},{"LazyScriptCache":32},{"Tilemap":3072},{"NativeArray":8},{"Camera":17},{"Secure":1},{"SerializationCache":1576},{"APIUpdating":10320},{"Subsystems":336},{"VirtualTexturing":57888},{"StaticSafetyDebugInfo":278528},{"Analytics":256},{"Hierarchy":272},{"Gui":80},{"EditorUtility":94506},{"VersionControl":4},{"Undo":947},{"AssetDatabase":4476167},{"EditorGi":328},{"UnityConnect":24536},{"Upm":1972},{"DrivenProperties":72},{"LocalIPC":278},{"ProfilerEditor":9738},{"CoreBusinessMetrics":3961},{"Licensing":3512},{"AssetReference":32},{"IPCStream":32}]}
